Component: Arm Compiler for Embedded 6.19 Tool: armlink [5e73cb00]

==============================================================================

Section Cross References

    startup_stm32f411xe.o(STACK) refers (Special) to heapauxi.o(.text) for __use_two_region_memory
    startup_stm32f411xe.o(HEAP) refers (Special) to heapauxi.o(.text) for __use_two_region_memory
    startup_stm32f411xe.o(RESET) refers (Special) to heapauxi.o(.text) for __use_two_region_memory
    startup_stm32f411xe.o(RESET) refers to startup_stm32f411xe.o(STACK) for __initial_sp
    startup_stm32f411xe.o(RESET) refers to startup_stm32f411xe.o(.text) for Reset_Handler
    startup_stm32f411xe.o(RESET) refers to stm32f4xx_it.o(.text.NMI_Handler) for NMI_Handler
    startup_stm32f411xe.o(RESET) refers to stm32f4xx_it.o(.text.HardFault_Handler) for HardFault_Handler
    startup_stm32f411xe.o(RESET) refers to stm32f4xx_it.o(.text.MemManage_Handler) for MemManage_Handler
    startup_stm32f411xe.o(RESET) refers to stm32f4xx_it.o(.text.BusFault_Handler) for BusFault_Handler
    startup_stm32f411xe.o(RESET) refers to stm32f4xx_it.o(.text.UsageFault_Handler) for UsageFault_Handler
    startup_stm32f411xe.o(RESET) refers to stm32f4xx_it.o(.text.SVC_Handler) for SVC_Handler
    startup_stm32f411xe.o(RESET) refers to stm32f4xx_it.o(.text.DebugMon_Handler) for DebugMon_Handler
    startup_stm32f411xe.o(RESET) refers to stm32f4xx_it.o(.text.PendSV_Handler) for PendSV_Handler
    startup_stm32f411xe.o(RESET) refers to stm32f4xx_it.o(.text.SysTick_Handler) for SysTick_Handler
    startup_stm32f411xe.o(RESET) refers to stm32f4xx_it.o(.text.DMA2_Stream0_IRQHandler) for DMA2_Stream0_IRQHandler
    startup_stm32f411xe.o(.text) refers (Special) to heapauxi.o(.text) for __use_two_region_memory
    startup_stm32f411xe.o(.text) refers to system_stm32f4xx.o(.text.SystemInit) for SystemInit
    startup_stm32f411xe.o(.text) refers to __main.o(!!!main) for __main
    startup_stm32f411xe.o(.text) refers to startup_stm32f411xe.o(HEAP) for Heap_Mem
    startup_stm32f411xe.o(.text) refers to startup_stm32f411xe.o(STACK) for Stack_Mem
    main.o(.text.main) refers to stm32f4xx_hal.o(.text.HAL_Init) for HAL_Init
    main.o(.text.main) refers to main.o(.text.SystemClock_Config) for SystemClock_Config
    main.o(.text.main) refers to stm32f4xx_hal_rcc_ex.o(.text.HAL_RCCEx_PeriphCLKConfig) for HAL_RCCEx_PeriphCLKConfig
    main.o(.text.main) refers to gpio.o(.text.MX_GPIO_Init) for MX_GPIO_Init
    main.o(.text.main) refers to dma.o(.text.MX_DMA_Init) for MX_DMA_Init
    main.o(.text.main) refers to i2s.o(.text.MX_I2S1_Init) for MX_I2S1_Init
    main.o(.text.main) refers to i2s.o(.text.MX_I2S2_Init) for MX_I2S2_Init
    main.o(.text.main) refers to i2s.o(.text.MX_I2S3_Init) for MX_I2S3_Init
    main.o(.text.main) refers to i2s.o(.text.MX_I2S4_Init) for MX_I2S4_Init
    main.o(.text.main) refers to i2s.o(.text.MX_I2S5_Init) for MX_I2S5_Init
    main.o(.text.main) refers to usart.o(.text.MX_USART1_UART_Init) for MX_USART1_UART_Init
    main.o(.text.main) refers to arm_sin_f32.o(.text.arm_sin_f32) for arm_sin_f32
    main.o(.ARM.exidx.text.main) refers to main.o(.text.main) for [Anonymous Symbol]
    main.o(.text.SystemClock_Config) refers to stm32f4xx_hal_rcc.o(.text.HAL_RCC_OscConfig) for HAL_RCC_OscConfig
    main.o(.text.SystemClock_Config) refers to stm32f4xx_hal_rcc.o(.text.HAL_RCC_ClockConfig) for HAL_RCC_ClockConfig
    main.o(.ARM.exidx.text.SystemClock_Config) refers to main.o(.text.SystemClock_Config) for [Anonymous Symbol]
    main.o(.text.PeriphCommonClock_Config) refers to stm32f4xx_hal_rcc_ex.o(.text.HAL_RCCEx_PeriphCLKConfig) for HAL_RCCEx_PeriphCLKConfig
    main.o(.ARM.exidx.text.PeriphCommonClock_Config) refers to main.o(.text.PeriphCommonClock_Config) for [Anonymous Symbol]
    main.o(.ARM.exidx.text.Error_Handler) refers to main.o(.text.Error_Handler) for [Anonymous Symbol]
    gpio.o(.ARM.exidx.text.MX_GPIO_Init) refers to gpio.o(.text.MX_GPIO_Init) for [Anonymous Symbol]
    dma.o(.text.MX_DMA_Init) refers to stm32f4xx_hal_cortex.o(.text.HAL_NVIC_SetPriority) for HAL_NVIC_SetPriority
    dma.o(.text.MX_DMA_Init) refers to stm32f4xx_hal_cortex.o(.text.HAL_NVIC_EnableIRQ) for HAL_NVIC_EnableIRQ
    dma.o(.ARM.exidx.text.MX_DMA_Init) refers to dma.o(.text.MX_DMA_Init) for [Anonymous Symbol]
    i2s.o(.text.MX_I2S1_Init) refers to i2s.o(.bss.hi2s1) for hi2s1
    i2s.o(.text.MX_I2S1_Init) refers to stm32f4xx_hal_i2s.o(.text.HAL_I2S_Init) for HAL_I2S_Init
    i2s.o(.text.MX_I2S1_Init) refers to main.o(.text.Error_Handler) for Error_Handler
    i2s.o(.ARM.exidx.text.MX_I2S1_Init) refers to i2s.o(.text.MX_I2S1_Init) for [Anonymous Symbol]
    i2s.o(.text.MX_I2S2_Init) refers to i2s.o(.bss.hi2s2) for hi2s2
    i2s.o(.text.MX_I2S2_Init) refers to stm32f4xx_hal_i2s.o(.text.HAL_I2S_Init) for HAL_I2S_Init
    i2s.o(.text.MX_I2S2_Init) refers to main.o(.text.Error_Handler) for Error_Handler
[...]
    Removing arm_const_structs.o(.rodata.arm_cfft_sR_f32_len128), (16 bytes).
    Removing arm_const_structs.o(.rodata.arm_cfft_sR_f32_len256), (16 bytes).
    Removing arm_const_structs.o(.rodata.arm_cfft_sR_f32_len512), (16 bytes).
    Removing arm_const_structs.o(.rodata.arm_cfft_sR_f32_len1024), (16 bytes).
    Removing arm_const_structs.o(.rodata.arm_cfft_sR_f32_len2048), (16 bytes).
    Removing arm_const_structs.o(.rodata.arm_cfft_sR_f32_len4096), (16 bytes).
    Removing arm_const_structs.o(.rodata.arm_cfft_sR_q31_len16), (16 bytes).
    Removing arm_const_structs.o(.rodata.arm_cfft_sR_q31_len32), (16 bytes).
    Removing arm_const_structs.o(.rodata.arm_cfft_sR_q31_len64), (16 bytes).
    Removing arm_const_structs.o(.rodata.arm_cfft_sR_q31_len128), (16 bytes).
    Removing arm_const_structs.o(.rodata.arm_cfft_sR_q31_len256), (16 bytes).
    Removing arm_const_structs.o(.rodata.arm_cfft_sR_q31_len512), (16 bytes).
    Removing arm_const_structs.o(.rodata.arm_cfft_sR_q31_len1024), (16 bytes).
    Removing arm_const_structs.o(.rodata.arm_cfft_sR_q31_len2048), (16 bytes).
    Removing arm_const_structs.o(.rodata.arm_cfft_sR_q31_len4096), (16 bytes).
    Removing arm_const_structs.o(.rodata.arm_cfft_sR_q15_len16), (16 bytes).
    Removing arm_const_structs.o(.rodata.arm_cfft_sR_q15_len32), (16 bytes).
    Removing arm_const_structs.o(.rodata.arm_cfft_sR_q15_len64), (16 bytes).
    Removing arm_const_structs.o(.rodata.arm_cfft_sR_q15_len128), (16 bytes).
    Removing arm_const_structs.o(.rodata.arm_cfft_sR_q15_len256), (16 bytes).
    Removing arm_const_structs.o(.rodata.arm_cfft_sR_q15_len512), (16 bytes).
    Removing arm_const_structs.o(.rodata.arm_cfft_sR_q15_len1024), (16 bytes).
    Removing arm_const_structs.o(.rodata.arm_cfft_sR_q15_len2048), (16 bytes).
    Removing arm_const_structs.o(.rodata.arm_cfft_sR_q15_len4096), (16 bytes).
    Removing arm_const_structs.o(.rodata.arm_rfft_fast_sR_f32_len32), (24 bytes).
    Removing arm_const_structs.o(.rodata.arm_rfft_fast_sR_f32_len64), (24 bytes).
    Removing arm_const_structs.o(.rodata.arm_rfft_fast_sR_f32_len128), (24 bytes).
    Removing arm_const_structs.o(.rodata.arm_rfft_fast_sR_f32_len256), (24 bytes).
    Removing arm_const_structs.o(.rodata.arm_rfft_fast_sR_f32_len512), (24 bytes).
    Removing arm_const_structs.o(.rodata.arm_rfft_fast_sR_f32_len1024), (24 bytes).
    Removing arm_const_structs.o(.rodata.arm_rfft_fast_sR_f32_len2048), (24 bytes).
    Removing arm_const_structs.o(.rodata.arm_rfft_fast_sR_f32_len4096), (24 bytes).
    Removing arm_const_structs.o(.rodata.arm_rfft_sR_q31_len32), (24 bytes).
    Removing arm_const_structs.o(.rodata.arm_rfft_sR_q31_len64), (24 bytes).
    Removing arm_const_structs.o(.rodata.arm_rfft_sR_q31_len128), (24 bytes).
    Removing arm_const_structs.o(.rodata.arm_rfft_sR_q31_len256), (24 bytes).
    Removing arm_const_structs.o(.rodata.arm_rfft_sR_q31_len512), (24 bytes).
    Removing arm_const_structs.o(.rodata.arm_rfft_sR_q31_len1024), (24 bytes).
    Removing arm_const_structs.o(.rodata.arm_rfft_sR_q31_len2048), (24 bytes).
    Removing arm_const_structs.o(.rodata.arm_rfft_sR_q31_len4096), (24 bytes).
    Removing arm_const_structs.o(.rodata.arm_rfft_sR_q31_len8192), (24 bytes).
    Removing arm_const_structs.o(.rodata.arm_rfft_sR_q15_len32), (24 bytes).
    Removing arm_const_structs.o(.rodata.arm_rfft_sR_q15_len64), (24 bytes).
    Removing arm_const_structs.o(.rodata.arm_rfft_sR_q15_len128), (24 bytes).
    Removing arm_const_structs.o(.rodata.arm_rfft_sR_q15_len256), (24 bytes).
    Removing arm_const_structs.o(.rodata.arm_rfft_sR_q15_len512), (24 bytes).
    Removing arm_const_structs.o(.rodata.arm_rfft_sR_q15_len1024), (24 bytes).
    Removing arm_const_structs.o(.rodata.arm_rfft_sR_q15_len2048), (24 bytes).
    Removing arm_const_structs.o(.rodata.arm_rfft_sR_q15_len4096), (24 bytes).
    Removing arm_const_structs.o(.rodata.arm_rfft_sR_q15_len8192), (24 bytes).
    Removing arm_bitreversal2.o(.text), (0 bytes).
    Removing arm_bitreversal2.o(.text.arm_bitreversal_32), (64 bytes).
    Removing arm_bitreversal2.o(.ARM.exidx.text.arm_bitreversal_32), (8 bytes).
    Removing arm_bitreversal2.o(.text.arm_bitreversal_16), (64 bytes).
    Removing arm_bitreversal2.o(.ARM.exidx.text.arm_bitreversal_16), (8 bytes).
    Removing arm_cfft_radix8_f32.o(.text), (0 bytes).
    Removing arm_cfft_radix8_f32.o(.text.arm_radix8_butterfly_f32), (2182 bytes).
    Removing arm_cfft_radix8_f32.o(.ARM.exidx.text.arm_radix8_butterfly_f32), (8 bytes).
    Removing arm_common_tables.o(.text), (0 bytes).
    Removing arm_common_tables.o(.rodata.armBitRevTable), (2048 bytes).
    Removing arm_common_tables.o(.rodata.twiddleCoef_16), (128 bytes).
    Removing arm_common_tables.o(.rodata.twiddleCoef_32), (256 bytes).
    Removing arm_common_tables.o(.rodata.twiddleCoef_64), (512 bytes).
    Removing arm_common_tables.o(.rodata.twiddleCoef_128), (1024 bytes).
    Removing arm_common_tables.o(.rodata.twiddleCoef_256), (2048 bytes).
    Removing arm_common_tables.o(.rodata.twiddleCoef_512), (4096 bytes).
    Removing arm_common_tables.o(.rodata.twiddleCoef_1024), (8192 bytes).
    Removing arm_common_tables.o(.rodata.twiddleCoef_2048), (16384 bytes).
    Removing arm_common_tables.o(.rodata.twiddleCoef_4096), (32768 bytes).
    Removing arm_common_tables.o(.rodata.twiddleCoef_16_q31), (96 bytes).
    Removing arm_common_tables.o(.rodata.twiddleCoef_32_q31), (192 bytes).
    Removing arm_common_tables.o(.rodata.twiddleCoef_64_q31), (384 bytes).
    Removing arm_common_tables.o(.rodata.twiddleCoef_128_q31), (768 bytes).
    Removing arm_common_tables.o(.rodata.twiddleCoef_256_q31), (1536 bytes).
    Removing arm_common_tables.o(.rodata.twiddleCoef_512_q31), (3072 bytes).
    Removing arm_common_tables.o(.rodata.twiddleCoef_1024_q31), (6144 bytes).
    Removing arm_common_tables.o(.rodata.twiddleCoef_2048_q31), (12288 bytes).
    Removing arm_common_tables.o(.rodata.twiddleCoef_4096_q31), (24576 bytes).
    Removing arm_common_tables.o(.rodata.twiddleCoef_16_q15), (48 bytes).
    Removing arm_common_tables.o(.rodata.twiddleCoef_32_q15), (96 bytes).
    Removing arm_common_tables.o(.rodata.twiddleCoef_64_q15), (192 bytes).
    Removing arm_common_tables.o(.rodata.twiddleCoef_128_q15), (384 bytes).
    Removing arm_common_tables.o(.rodata.twiddleCoef_256_q15), (768 bytes).
    Removing arm_common_tables.o(.rodata.twiddleCoef_512_q15), (1536 bytes).
    Removing arm_common_tables.o(.rodata.twiddleCoef_1024_q15), (3072 bytes).
    Removing arm_common_tables.o(.rodata.twiddleCoef_2048_q15), (6144 bytes).
    Removing arm_common_tables.o(.rodata.twiddleCoef_4096_q15), (12288 bytes).
    Removing arm_common_tables.o(.rodata.armBitRevIndexTable16), (40 bytes).
    Removing arm_common_tables.o(.rodata.armBitRevIndexTable32), (96 bytes).
    Removing arm_common_tables.o(.rodata.armBitRevIndexTable64), (112 bytes).
    Removing arm_common_tables.o(.rodata.armBitRevIndexTable128), (416 bytes).
    Removing arm_common_tables.o(.rodata.armBitRevIndexTable256), (880 bytes).
    Removing arm_common_tables.o(.rodata.armBitRevIndexTable512), (896 bytes).
    Removing arm_common_tables.o(.rodata.armBitRevIndexTable1024), (3600 bytes).
    Removing arm_common_tables.o(.rodata.armBitRevIndexTable2048), (7616 bytes).
    Removing arm_common_tables.o(.rodata.armBitRevIndexTable4096), (8064 bytes).
    Removing arm_common_tables.o(.rodata.armBitRevIndexTable_fixed_16), (24 bytes).
    Removing arm_common_tables.o(.rodata.armBitRevIndexTable_fixed_32), (48 bytes).
    Removing arm_common_tables.o(.rodata.armBitRevIndexTable_fixed_64), (112 bytes).
    Removing arm_common_tables.o(.rodata.armBitRevIndexTable_fixed_128), (224 bytes).
    Removing arm_common_tables.o(.rodata.armBitRevIndexTable_fixed_256), (480 bytes).
    Removing arm_common_tables.o(.rodata.armBitRevIndexTable_fixed_512), (960 bytes).
    Removing arm_common_tables.o(.rodata.armBitRevIndexTable_fixed_1024), (1984 bytes).
    Removing arm_common_tables.o(.rodata.armBitRevIndexTable_fixed_2048), (3968 bytes).
    Removing arm_common_tables.o(.rodata.armBitRevIndexTable_fixed_4096), (8064 bytes).
    Removing arm_common_tables.o(.rodata.twiddleCoef_rfft_32), (128 bytes).
    Removing arm_common_tables.o(.rodata.twiddleCoef_rfft_64), (256 bytes).
    Removing arm_common_tables.o(.rodata.twiddleCoef_rfft_128), (512 bytes).
    Removing arm_common_tables.o(.rodata.twiddleCoef_rfft_256), (1024 bytes).
    Removing arm_common_tables.o(.rodata.twiddleCoef_rfft_512), (2048 bytes).
    Removing arm_common_tables.o(.rodata.twiddleCoef_rfft_1024), (4096 bytes).
    Removing arm_common_tables.o(.rodata.twiddleCoef_rfft_2048), (8192 bytes).
    Removing arm_common_tables.o(.rodata.twiddleCoef_rfft_4096), (16384 bytes).
    Removing arm_common_tables.o(.rodata.realCoefA), (32768 bytes).
    Removing arm_common_tables.o(.rodata.realCoefB), (32768 bytes).
    Removing arm_common_tables.o(.rodata.realCoefAQ31), (32768 bytes).
    Removing arm_common_tables.o(.rodata.realCoefBQ31), (32768 bytes).
    Removing arm_common_tables.o(.rodata.realCoefAQ15), (16384 bytes).
    Removing arm_common_tables.o(.rodata.realCoefBQ15), (16384 bytes).
    Removing arm_common_tables.o(.rodata.Weights_128), (1024 bytes).
    Removing arm_common_tables.o(.rodata.cos_factors_128), (512 bytes).
    Removing arm_common_tables.o(.rodata.Weights_512), (4096 bytes).
    Removing arm_common_tables.o(.rodata.cos_factors_512), (2048 bytes).
    Removing arm_common_tables.o(.rodata.Weights_2048), (16384 bytes).
    Removing arm_common_tables.o(.rodata.cos_factors_2048), (8192 bytes).
    Removing arm_common_tables.o(.rodata.Weights_8192), (65536 bytes).
    Removing arm_common_tables.o(.rodata.cos_factors_8192), (32768 bytes).
    Removing arm_common_tables.o(.rodata.WeightsQ15_128), (512 bytes).
    Removing arm_common_tables.o(.rodata.cos_factorsQ15_128), (256 bytes).
    Removing arm_common_tables.o(.rodata.WeightsQ15_512), (2048 bytes).
    Removing arm_common_tables.o(.rodata.cos_factorsQ15_512), (1024 bytes).
    Removing arm_common_tables.o(.rodata.WeightsQ15_2048), (8192 bytes).
    Removing arm_common_tables.o(.rodata.cos_factorsQ15_2048), (4096 bytes).
    Removing arm_common_tables.o(.rodata.WeightsQ15_8192), (32768 bytes).
    Removing arm_common_tables.o(.rodata.cos_factorsQ15_8192), (16384 bytes).
    Removing arm_common_tables.o(.rodata.WeightsQ31_128), (1024 bytes).
    Removing arm_common_tables.o(.rodata.cos_factorsQ31_128), (512 bytes).
    Removing arm_common_tables.o(.rodata.WeightsQ31_512), (4096 bytes).
    Removing arm_common_tables.o(.rodata.cos_factorsQ31_512), (2048 bytes).
    Removing arm_common_tables.o(.rodata.WeightsQ31_2048), (16384 bytes).
    Removing arm_common_tables.o(.rodata.cos_factorsQ31_2048), (8192 bytes).
    Removing arm_common_tables.o(.rodata.WeightsQ31_8192), (65536 bytes).
    Removing arm_common_tables.o(.rodata.cos_factorsQ31_8192), (32768 bytes).
    Removing arm_common_tables.o(.rodata.armRecipTableQ15), (128 bytes).
    Removing arm_common_tables.o(.rodata.armRecipTableQ31), (256 bytes).
    Removing arm_common_tables.o(.rodata.sinTable_q31), (2052 bytes).
    Removing arm_common_tables.o(.rodata.sinTable_q15), (1026 bytes).

699 unused section(s) (total 739462 bytes) removed from the image.

==============================================================================

Image Symbol Table

    Local Symbols

    Symbol Name                              Value     Ov Type        Size  Object(Section)

    ../clib/angel/boardlib.s                 0x00000000   Number         0  boardinit1.o ABSOLUTE
    ../clib/angel/boardlib.s                 0x00000000   Number         0  boardinit2.o ABSOLUTE
    ../clib/angel/boardlib.s                 0x00000000   Number         0  boardinit3.o ABSOLUTE
    ../clib/angel/boardlib.s                 0x00000000   Number         0  boardshut.o ABSOLUTE
    ../clib/angel/handlers.s                 0x00000000   Number         0  __scatter_copy.o ABSOLUTE
    ../clib/angel/handlers.s                 0x00000000   Number         0  __scatter_zi.o ABSOLUTE
    ../clib/angel/kernel.s                   0x00000000   Number         0  __rtentry.o ABSOLUTE
    ../clib/angel/kernel.s                   0x00000000   Number         0  __rtentry2.o ABSOLUTE
    ../clib/angel/kernel.s                   0x00000000   Number         0  __rtentry4.o ABSOLUTE
    ../clib/angel/kernel.s                   0x00000000   Number         0  rtexit.o ABSOLUTE
    ../clib/angel/kernel.s                   0x00000000   Number         0  rtexit2.o ABSOLUTE
    ../clib/angel/rt.s                       0x00000000   Number         0  aeabi_ldiv0.o ABSOLUTE
    ../clib/angel/rt.s                       0x00000000   Number         0  aeabi_ldiv0_sigfpe.o ABSOLUTE
    ../clib/angel/rt.s                       0x00000000   Number         0  rt_heap_descriptor.o ABSOLUTE
    ../clib/angel/rt.s                       0x00000000   Number         0  rt_heap_descriptor_intlibspace.o ABSOLUTE
    ../clib/angel/rt.s                       0x00000000   Number         0  rt_div0.o ABSOLUTE
    ../clib/angel/rt.s                       0x00000000   Number         0  rt_errno_addr.o ABSOLUTE
    ../clib/angel/rt.s                       0x00000000   Number         0  rt_errno_addr_intlibspace.o ABSOLUTE
    ../clib/angel/rt.s                       0x00000000   Number         0  rt_raise.o ABSOLUTE
    ../clib/angel/scatter.s                  0x00000000   Number         0  __scatter.o ABSOLUTE
    ../clib/angel/startup.s                  0x00000000   Number         0  __main.o ABSOLUTE
    ../clib/angel/sys.s                      0x00000000   Number         0  mutex_dummy.o ABSOLUTE
    ../clib/angel/sys.s                      0x00000000   Number         0  libspace.o ABSOLUTE
    ../clib/angel/sys.s                      0x00000000   Number         0  use_no_semi.o ABSOLUTE
    ../clib/angel/sys.s                      0x00000000   Number         0  indicate_semi.o ABSOLUTE
    ../clib/angel/sys.s                      0x00000000   Number         0  sys_stackheap_outer.o ABSOLUTE
    ../clib/angel/sysapp.c                   0x00000000   Number         0  sys_command.o ABSOLUTE
    ../clib/angel/sysapp.c                   0x00000000   Number         0  sys_command_hlt.o ABSOLUTE
    ../clib/angel/sysapp.c                   0x00000000   Number         0  sys_exit.o ABSOLUTE
    ../clib/angel/sysapp.c                   0x00000000   Number         0  sys_exit_hlt.o ABSOLUTE
    ../clib/angel/sysapp.c                   0x00000000   Number         0  sys_wrch.o ABSOLUTE
    ../clib/angel/sysapp.c                   0x00000000   Number         0  sys_wrch_hlt.o ABSOLUTE
    ../clib/armsys.c                         0x00000000   Number         0  _get_argv.o ABSOLUTE
    ../clib/armsys.c                         0x00000000   Number         0  argv_veneer.o ABSOLUTE
    ../clib/armsys.c                         0x00000000   Number         0  argv_veneer.o ABSOLUTE
    ../clib/armsys.c                         0x00000000   Number         0  _get_argv_nomalloc.o ABSOLUTE
    ../clib/armsys.c                         0x00000000   Number         0  no_argv.o ABSOLUTE
    ../clib/fenv.c                           0x00000000   Number         0  _rserrno.o ABSOLUTE
    ../clib/heap1.c                          0x00000000   Number         0  h1_alloc.o ABSOLUTE
    ../clib/heap1.c                          0x00000000   Number         0  h1_free.o ABSOLUTE
    ../clib/heap1.c                          0x00000000   Number         0  h1_alloc_threads.o ABSOLUTE
    ../clib/heap1.c                          0x00000000   Number         0  h1_free_threads.o ABSOLUTE
    ../clib/heap1.c                          0x00000000   Number         0  h1_init.o ABSOLUTE
    ../clib/heap1.c                          0x00000000   Number         0  h1_init_threads.o ABSOLUTE
    ../clib/heap1.c                          0x00000000   Number         0  h1_extend.o ABSOLUTE
    ../clib/heap1.c                          0x00000000   Number         0  h1_extend_threads.o ABSOLUTE
    ../clib/heap1.c                          0x00000000   Number         0  h1_final.o ABSOLUTE
    ../clib/heap1.c                          0x00000000   Number         0  h1_final_threads.o ABSOLUTE
    ../clib/heap2.c                          0x00000000   Number         0  heap2.o ABSOLUTE
    ../clib/heap2.c                          0x00000000   Number         0  heap2_threads.o ABSOLUTE
    ../clib/heap2.c                          0x00000000   Number         0  fdtree.o ABSOLUTE
    ../clib/heapalloc.c                      0x00000000   Number         0  malloc.o ABSOLUTE
    ../clib/heapalloc.c                      0x00000000   Number         0  free.o ABSOLUTE
    ../clib/heapalloc.c                      0x00000000   Number         0  hguard.o ABSOLUTE
    ../clib/heapalloc.c                      0x00000000   Number         0  init_alloc.o ABSOLUTE
    ../clib/heapalloc.c                      0x00000000   Number         0  heapstubs.o ABSOLUTE
    ../clib/heapalloc.c                      0x00000000   Number         0  hrguard.o ABSOLUTE
    ../clib/heapalloc.c                      0x00000000   Number         0  term_alloc.o ABSOLUTE
    ../clib/heapaux.c                        0x00000000   Number         0  heapauxi.o ABSOLUTE
    ../clib/heapaux.c                        0x00000000   Number         0  heapauxa.o ABSOLUTE
    ../clib/libinit.s                        0x00000000   Number         0  libinit2.o ABSOLUTE
    ../clib/libinit.s                        0x00000000   Number         0  libinit.o ABSOLUTE
    ../clib/libinit.s                        0x00000000   Number         0  libshutdown2.o ABSOLUTE
    ../clib/libinit.s                        0x00000000   Number         0  libshutdown.o ABSOLUTE
    ../clib/longlong.s                       0x00000000   Number         0  lludivv7m.o ABSOLUTE
    ../clib/maybe.s                          0x00000000   Number         0  maybetermalloc1.o ABSOLUTE
    ../clib/maybe.s                          0x00000000   Number         0  maybetermalloc2.o ABSOLUTE
    ../clib/memcpset.s                       0x00000000   Number         0  rt_memcpy_w.o ABSOLUTE
    ../clib/signal.c                         0x00000000   Number         0  defsig_rtmem_outer.o ABSOLUTE
    ../clib/signal.c                         0x00000000   Number         0  defsig_rtmem_formal.o ABSOLUTE
    ../clib/signal.c                         0x00000000   Number         0  defsig_exit.o ABSOLUTE
    ../clib/signal.c                         0x00000000   Number         0  defsig_fpe_outer.o ABSOLUTE
    ../clib/signal.c                         0x00000000   Number         0  defsig_fpe_formal.o ABSOLUTE
    ../clib/signal.c                         0x00000000   Number         0  defsig_rtmem_inner.o ABSOLUTE
    ../clib/signal.c                         0x00000000   Number         0  __raise.o ABSOLUTE
    ../clib/signal.c                         0x00000000   Number         0  defsig_general.o ABSOLUTE
    ../clib/signal.c                         0x00000000   Number         0  defsig_fpe_inner.o ABSOLUTE
    ../clib/signal.c                         0x00000000   Number         0  defsig_abrt_inner.o ABSOLUTE
    ../clib/signal.c                         0x00000000   Number         0  defsig_rtred_inner.o ABSOLUTE
    ../clib/signal.c                         0x00000000   Number         0  defsig_stak_inner.o ABSOLUTE
    ../clib/signal.c                         0x00000000   Number         0  defsig_pvfn_inner.o ABSOLUTE
    ../clib/signal.c                         0x00000000   Number         0  defsig_cppl_inner.o ABSOLUTE
    ../clib/signal.c                         0x00000000   Number         0  defsig_segv_inner.o ABSOLUTE
    ../clib/signal.c                         0x00000000   Number         0  defsig_other.o ABSOLUTE
    ../clib/signal.s                         0x00000000   Number         0  defsig.o ABSOLUTE
    ../clib/stdlib.c                         0x00000000   Number         0  exit.o ABSOLUTE
    ../fplib/faddsub.s                       0x00000000   Number         0  faddsub_clz.o ABSOLUTE
    ../fplib/fcmp.s                          0x00000000   Number         0  fcmp.o ABSOLUTE
    ../fplib/fcmpi.s                         0x00000000   Number         0  fcmpi.o ABSOLUTE
    ../fplib/fdiv.s                          0x00000000   Number         0  fdiv.o ABSOLUTE
    ../fplib/feqf.s                          0x00000000   Number         0  feqf.o ABSOLUTE
    ../fplib/ffix.s                          0x00000000   Number         0  ffix.o ABSOLUTE
    ../fplib/ffixu.s                         0x00000000   Number         0  ffixu.o ABSOLUTE
    ../fplib/fflt.s                          0x00000000   Number         0  fflt_clz.o ABSOLUTE
    ../fplib/fgeqf.s                         0x00000000   Number         0  fgeqf.o ABSOLUTE
    ../fplib/fleqf.s                         0x00000000   Number         0  fleqf.o ABSOLUTE
    ../fplib/fmul.s                          0x00000000   Number         0  fmul.o ABSOLUTE
    ../fplib/fnaninf.s                       0x00000000   Number         0  fnaninf.o ABSOLUTE
    ../fplib/fpinit.s                        0x00000000   Number         0  fpinit.o ABSOLUTE
    ../fplib/usenofp.s                       0x00000000   Number         0  usenofp.o ABSOLUTE
    ../mathlib/sqrtf.c                       0x00000000   Number         0  sqrtf.o ABSOLUTE
    arm_bitreversal2.c                       0x00000000   Number         0  arm_bitreversal2.o ABSOLUTE
    arm_cfft_f32.c                           0x00000000   Number         0  arm_cfft_f32.o ABSOLUTE
    arm_cfft_radix8_f32.c                    0x00000000   Number         0  arm_cfft_radix8_f32.o ABSOLUTE
    arm_cmplx_conj_f32.c                     0x00000000   Number         0  arm_cmplx_conj_f32.o ABSOLUTE
    arm_cmplx_mag_f32.c                      0x00000000   Number         0  arm_cmplx_mag_f32.o ABSOLUTE
    arm_cmplx_mult_cmplx_f32.c               0x00000000   Number         0  arm_cmplx_mult_cmplx_f32.o ABSOLUTE
    arm_common_tables.c                      0x00000000   Number         0  arm_common_tables.o ABSOLUTE
    arm_const_structs.c                      0x00000000   Number         0  arm_const_structs.o ABSOLUTE
    arm_scale_f32.c                          0x00000000   Number         0  arm_scale_f32.o ABSOLUTE
    arm_sin_f32.c                            0x00000000   Number         0  arm_sin_f32.o ABSOLUTE
    dc.s                                     0x00000000   Number         0  dc.o ABSOLUTE
    dma.c                                    0x00000000   Number         0  dma.o ABSOLUTE
    gpio.c                                   0x00000000   Number         0  gpio.o ABSOLUTE
    i2s.c                                    0x00000000   Number         0  i2s.o ABSOLUTE
    main.c                                   0x00000000   Number         0  main.o ABSOLUTE
    startup_stm32f411xe.s                    0x00000000   Number         0  startup_stm32f411xe.o ABSOLUTE
    stm32f4xx_hal.c                          0x00000000   Number         0  stm32f4xx_hal.o ABSOLUTE
    stm32f4xx_hal_cortex.c                   0x00000000   Number         0  stm32f4xx_hal_cortex.o ABSOLUTE
    stm32f4xx_hal_dma.c                      0x00000000   Number         0  stm32f4xx_hal_dma.o ABSOLUTE
    stm32f4xx_hal_dma_ex.c                   0x00000000   Number         0  stm32f4xx_hal_dma_ex.o ABSOLUTE
    stm32f4xx_hal_exti.c                     0x00000000   Number         0  stm32f4xx_hal_exti.o ABSOLUTE
    stm32f4xx_hal_flash.c                    0x00000000   Number         0  stm32f4xx_hal_flash.o ABSOLUTE
    stm32f4xx_hal_flash_ex.c                 0x00000000   Number         0  stm32f4xx_hal_flash_ex.o ABSOLUTE
    stm32f4xx_hal_flash_ramfunc.c            0x00000000   Number         0  stm32f4xx_hal_flash_ramfunc.o ABSOLUTE
    stm32f4xx_hal_gpio.c                     0x00000000   Number         0  stm32f4xx_hal_gpio.o ABSOLUTE
    stm32f4xx_hal_i2s.c                      0x00000000   Number         0  stm32f4xx_hal_i2s.o ABSOLUTE
    stm32f4xx_hal_i2s_ex.c                   0x00000000   Number         0  stm32f4xx_hal_i2s_ex.o ABSOLUTE
    stm32f4xx_hal_msp.c                      0x00000000   Number         0  stm32f4xx_hal_msp.o ABSOLUTE
    stm32f4xx_hal_pwr.c                      0x00000000   Number         0  stm32f4xx_hal_pwr.o ABSOLUTE
    stm32f4xx_hal_pwr_ex.c                   0x00000000   Number         0  stm32f4xx_hal_pwr_ex.o ABSOLUTE
    stm32f4xx_hal_rcc.c                      0x00000000   Number         0  stm32f4xx_hal_rcc.o ABSOLUTE
    stm32f4xx_hal_rcc_ex.c                   0x00000000   Number         0  stm32f4xx_hal_rcc_ex.o ABSOLUTE
    stm32f4xx_hal_tim.c                      0x00000000   Number         0  stm32f4xx_hal_tim.o ABSOLUTE
    stm32f4xx_hal_tim_ex.c                   0x00000000   Number         0  stm32f4xx_hal_tim_ex.o ABSOLUTE
    stm32f4xx_hal_uart.c                     0x00000000   Number         0  stm32f4xx_hal_uart.o ABSOLUTE
    stm32f4xx_it.c                           0x00000000   Number         0  stm32f4xx_it.o ABSOLUTE
    system_stm32f4xx.c                       0x00000000   Number         0  system_stm32f4xx.o ABSOLUTE
    usart.c                                  0x00000000   Number         0  usart.o ABSOLUTE
    xcorr.c                                  0x00000000   Number         0  xcorr.o ABSOLUTE
    RESET                                    0x08000000   Section      408  startup_stm32f411xe.o(RESET)
    !!!main                                  0x08000198   Section        8  __main.o(!!!main)
    !!!scatter                               0x080001a0   Section       52  __scatter.o(!!!scatter)
    !!handler_copy                           0x080001d4   Section       26  __scatter_copy.o(!!handler_copy)
    !!handler_zi                             0x080001f0   Section       28  __scatter_zi.o(!!handler_zi)
    .ARM.Collect$$libinit$$00000000          0x0800020c   Section        2  libinit.o(.ARM.Collect$$libinit$$00000000)
    .ARM.Collect$$libinit$$00000001          0x0800020e   Section        4  libinit2.o(.ARM.Collect$$libinit$$00000001)
    .ARM.Collect$$libinit$$00000004          0x08000212   Section        0  libinit2.o(.ARM.Collect$$libinit$$00000004)
    .ARM.Collect$$libinit$$00000006          0x08000212   Section        0  libinit2.o(.ARM.Collect$$libinit$$00000006)
    .ARM.Collect$$libinit$$0000000C          0x08000212   Section        0  libinit2.o(.ARM.Collect$$libinit$$0000000C)
    .ARM.Collect$$libinit$$0000000E          0x08000212   Section        0  libinit2.o(.ARM.Collect$$libinit$$0000000E)
    .ARM.Collect$$libinit$$00000010          0x08000212   Section        0  libinit2.o(.ARM.Collect$$libinit$$00000010)
    .ARM.Collect$$libinit$$00000013          0x08000212   Section        0  libinit2.o(.ARM.Collect$$libinit$$00000013)
    .ARM.Collect$$libinit$$00000015          0x08000212   Section        0  libinit2.o(.ARM.Collect$$libinit$$00000015)
    .ARM.Collect$$libinit$$00000017          0x08000212   Section        0  libinit2.o(.ARM.Collect$$libinit$$00000017)
    .ARM.Collect$$libinit$$00000019          0x08000212   Section        0  libinit2.o(.ARM.Collect$$libinit$$00000019)
    .ARM.Collect$$libinit$$0000001B          0x08000212   Section        0  libinit2.o(.ARM.Collect$$libinit$$0000001B)
    .ARM.Collect$$libinit$$0000001D          0x08000212   Section        0  libinit2.o(.ARM.Collect$$libinit$$0000001D)
    .ARM.Collect$$libinit$$0000001F          0x08000212   Section        0  libinit2.o(.ARM.Collect$$libinit$$0000001F)
    .ARM.Collect$$libinit$$00000021          0x08000212   Section        0  libinit2.o(.ARM.Collect$$libinit$$00000021)
    .ARM.Collect$$libinit$$00000023          0x08000212   Section        0  libinit2.o(.ARM.Collect$$libinit$$00000023)
    .ARM.Collect$$libinit$$00000025          0x08000212   Section        0  libinit2.o(.ARM.Collect$$libinit$$00000025)
    .ARM.Collect$$libinit$$00000027          0x08000212   Section        0  libinit2.o(.ARM.Collect$$libinit$$00000027)
    .ARM.Collect$$libinit$$0000002E          0x08000212   Section        0  libinit2.o(.ARM.Collect$$libinit$$0000002E)
    .ARM.Collect$$libinit$$00000030          0x08000212   Section        0  libinit2.o(.ARM.Collect$$libinit$$00000030)
    .ARM.Collect$$libinit$$00000032          0x08000212   Section        0  libinit2.o(.ARM.Collect$$libinit$$00000032)
    .ARM.Collect$$libinit$$00000034          0x08000212   Section        0  libinit2.o(.ARM.Collect$$libinit$$00000034)
    .ARM.Collect$$libinit$$00000035          0x08000212   Section        2  libinit2.o(.ARM.Collect$$libinit$$00000035)
    .ARM.Collect$$libshutdown$$00000000      0x08000214   Section        2  libshutdown.o(.ARM.Collect$$libshutdown$$00000000)
    .ARM.Collect$$libshutdown$$00000002      0x08000216   Section        0  libshutdown2.o(.ARM.Collect$$libshutdown$$00000002)
    .ARM.Collect$$libshutdown$$00000004      0x08000216   Section        0  libshutdown2.o(.ARM.Collect$$libshutdown$$00000004)
    .ARM.Collect$$libshutdown$$00000007      0x08000216   Section        0  libshutdown2.o(.ARM.Collect$$libshutdown$$00000007)
    .ARM.Collect$$libshutdown$$0000000A      0x08000216   Section        0  libshutdown2.o(.ARM.Collect$$libshutdown$$0000000A)
    .ARM.Collect$$libshutdown$$0000000C      0x08000216   Section        0  libshutdown2.o(.ARM.Collect$$libshutdown$$0000000C)
    .ARM.Collect$$libshutdown$$0000000F      0x08000216   Section        0  libshutdown2.o(.ARM.Collect$$libshutdown$$0000000F)
    .ARM.Collect$$libshutdown$$00000010      0x08000216   Section        2  libshutdown2.o(.ARM.Collect$$libshutdown$$00000010)
    .ARM.Collect$$rtentry$$00000000          0x08000218   Section        0  __rtentry.o(.ARM.Collect$$rtentry$$00000000)
    .ARM.Collect$$rtentry$$00000002          0x08000218   Section        0  __rtentry2.o(.ARM.Collect$$rtentry$$00000002)
    .ARM.Collect$$rtentry$$00000004          0x08000218   Section        6  __rtentry4.o(.ARM.Collect$$rtentry$$00000004)
    .ARM.Collect$$rtentry$$00000009          0x0800021e   Section        0  __rtentry2.o(.ARM.Collect$$rtentry$$00000009)
    .ARM.Collect$$rtentry$$0000000A          0x0800021e   Section        4  __rtentry2.o(.ARM.Collect$$rtentry$$0000000A)
    .ARM.Collect$$rtentry$$0000000C          0x08000222   Section        0  __rtentry2.o(.ARM.Collect$$rtentry$$0000000C)
    .ARM.Collect$$rtentry$$0000000D          0x08000222   Section        8  __rtentry2.o(.ARM.Collect$$rtentry$$0000000D)
    .ARM.Collect$$rtexit$$00000000           0x0800022a   Section        2  rtexit.o(.ARM.Collect$$rtexit$$00000000)
    .ARM.Collect$$rtexit$$00000002           0x0800022c   Section        0  rtexit2.o(.ARM.Collect$$rtexit$$00000002)
    .ARM.Collect$$rtexit$$00000003           0x0800022c   Section        4  rtexit2.o(.ARM.Collect$$rtexit$$00000003)
    .ARM.Collect$$rtexit$$00000004           0x08000230   Section        6  rtexit2.o(.ARM.Collect$$rtexit$$00000004)
    $v0                                      0x08000238   Number         0  startup_stm32f411xe.o(.text)
    .text                                    0x08000238   Section       64  startup_stm32f411xe.o(.text)
    .text                                    0x08000278   Section      240  lludivv7m.o(.text)
    .text                                    0x08000368   Section        0  heapauxi.o(.text)
    .text                                    0x08000370   Section        8  libspace.o(.text)
    .text                                    0x08000378   Section        2  use_no_semi.o(.text)
    .text                                    0x0800037a   Section        0  indicate_semi.o(.text)
    .text                                    0x0800037a   Section       74  sys_stackheap_outer.o(.text)
    .text                                    0x080003c4   Section        0  exit.o(.text)
    .text                                    0x080003d8   Section        0  sys_exit.o(.text)
    [Anonymous Symbol]                       0x080003e4   Section        0  stm32f4xx_it.o(.text.BusFault_Handler)
    [Anonymous Symbol]                       0x080003e8   Section        0  stm32f4xx_it.o(.text.DMA2_Stream0_IRQHandler)
    [Anonymous Symbol]                       0x080003f4   Section        0  stm32f4xx_it.o(.text.DebugMon_Handler)
    [Anonymous Symbol]                       0x080003f8   Section        0  main.o(.text.Error_Handler)
    [Anonymous Symbol]                       0x08000404   Section        0  stm32f4xx_hal_dma.o(.text.HAL_DMA_IRQHandler)
    [Anonymous Symbol]                       0x080005c4   Section        0  stm32f4xx_hal_dma.o(.text.HAL_DMA_Init)
    [Anonymous Symbol]                       0x08000728   Section        0  stm32f4xx_hal_gpio.o(.text.HAL_GPIO_Init)
    [Anonymous Symbol]                       0x080008d0   Section        0  stm32f4xx_hal.o(.text.HAL_GetTick)
    [Anonymous Symbol]                       0x080008dc   Section        0  stm32f4xx_hal_i2s_ex.o(.text.HAL_I2SEx_FullDuplex_IRQHandler)
    [Anonymous Symbol]                       0x08000b54   Section        0  stm32f4xx_hal_i2s_ex.o(.text.HAL_I2SEx_TxRxCpltCallback)
    [Anonymous Symbol]                       0x08000b58   Section        0  stm32f4xx_hal_i2s.o(.text.HAL_I2S_ErrorCallback)
    [Anonymous Symbol]                       0x08000b5c   Section        0  stm32f4xx_hal_i2s.o(.text.HAL_I2S_Init)
    [Anonymous Symbol]                       0x08000ccc   Section        0  i2s.o(.text.HAL_I2S_MspInit)
    [Anonymous Symbol]                       0x08000fdc   Section        0  stm32f4xx_hal_i2s.o(.text.HAL_I2S_RxCpltCallback)
    [Anonymous Symbol]                       0x08000fe0   Section        0  stm32f4xx_hal_i2s.o(.text.HAL_I2S_TxCpltCallback)
    [Anonymous Symbol]                       0x08000fe4   Section        0  stm32f4xx_hal.o(.text.HAL_IncTick)
    [Anonymous Symbol]                       0x08001000   Section        0  stm32f4xx_hal.o(.text.HAL_Init)
    [Anonymous Symbol]                       0x08001038   Section        0  stm32f4xx_hal.o(.text.HAL_InitTick)
    [Anonymous Symbol]                       0x08001080   Section        0  stm32f4xx_hal_msp.o(.text.HAL_MspInit)
    [Anonymous Symbol]                       0x080010b8   Section        0  stm32f4xx_hal_cortex.o(.text.HAL_NVIC_EnableIRQ)
    [Anonymous Symbol]                       0x080010e0   Section        0  stm32f4xx_hal_cortex.o(.text.HAL_NVIC_SetPriority)
    [Anonymous Symbol]                       0x08001138   Section        0  stm32f4xx_hal_cortex.o(.text.HAL_NVIC_SetPriorityGrouping)
    [Anonymous Symbol]                       0x08001158   Section        0  stm32f4xx_hal_rcc_ex.o(.text.HAL_RCCEx_GetPeriphCLKFreq)
    [Anonymous Symbol]                       0x080011a8   Section        0  stm32f4xx_hal_rcc_ex.o(.text.HAL_RCCEx_PeriphCLKConfig)
    [Anonymous Symbol]                       0x0800130c   Section        0  stm32f4xx_hal_rcc.o(.text.HAL_RCC_ClockConfig)
    [Anonymous Symbol]                       0x0800146c   Section        0  stm32f4xx_hal_rcc.o(.text.HAL_RCC_GetPCLK1Freq)
    [Anonymous Symbol]                       0x08001494   Section        0  stm32f4xx_hal_rcc.o(.text.HAL_RCC_GetPCLK2Freq)
    [Anonymous Symbol]                       0x080014bc   Section        0  stm32f4xx_hal_rcc.o(.text.HAL_RCC_GetSysClockFreq)
    [Anonymous Symbol]                       0x08001528   Section        0  stm32f4xx_hal_rcc.o(.text.HAL_RCC_OscConfig)
    [Anonymous Symbol]                       0x0800189c   Section        0  stm32f4xx_hal_cortex.o(.text.HAL_SYSTICK_Config)
    [Anonymous Symbol]                       0x080018c8   Section        0  stm32f4xx_hal_uart.o(.text.HAL_UART_Init)
    [Anonymous Symbol]                       0x08001928   Section        0  usart.o(.text.HAL_UART_MspInit)
    [Anonymous Symbol]                       0x080019cc   Section        0  stm32f4xx_it.o(.text.HardFault_Handler)
    I2S_IRQHandler                           0x080019d1   Thumb Code   260  stm32f4xx_hal_i2s.o(.text.I2S_IRQHandler)
    [Anonymous Symbol]                       0x080019d0   Section        0  stm32f4xx_hal_i2s.o(.text.I2S_IRQHandler)
    [Anonymous Symbol]                       0x08001ad4   Section        0  dma.o(.text.MX_DMA_Init)
    [Anonymous Symbol]                       0x08001b0c   Section        0  gpio.o(.text.MX_GPIO_Init)
    [Anonymous Symbol]                       0x08001b58   Section        0  i2s.o(.text.MX_I2S1_Init)
    [Anonymous Symbol]                       0x08001b98   Section        0  i2s.o(.text.MX_I2S2_Init)
    [Anonymous Symbol]                       0x08001bd8   Section        0  i2s.o(.text.MX_I2S3_Init)
    [Anonymous Symbol]                       0x08001c18   Section        0  i2s.o(.text.MX_I2S4_Init)
    [Anonymous Symbol]                       0x08001c58   Section        0  i2s.o(.text.MX_I2S5_Init)
    [Anonymous Symbol]                       0x08001c98   Section        0  usart.o(.text.MX_USART1_UART_Init)
    [Anonymous Symbol]                       0x08001cd4   Section        0  stm32f4xx_it.o(.text.MemManage_Handler)
    [Anonymous Symbol]                       0x08001cd8   Section        0  stm32f4xx_it.o(.text.NMI_Handler)
    [Anonymous Symbol]                       0x08001cdc   Section        0  stm32f4xx_it.o(.text.PendSV_Handler)
    [Anonymous Symbol]                       0x08001ce0   Section        0  stm32f4xx_it.o(.text.SVC_Handler)
    [Anonymous Symbol]                       0x08001ce4   Section        0  stm32f4xx_it.o(.text.SysTick_Handler)
    [Anonymous Symbol]                       0x08001ce8   Section        0  main.o(.text.SystemClock_Config)
    [Anonymous Symbol]                       0x08001d94   Section        0  system_stm32f4xx.o(.text.SystemInit)
    UART_SetConfig                           0x08001da9   Thumb Code   238  stm32f4xx_hal_uart.o(.text.UART_SetConfig)
    [Anonymous Symbol]                       0x08001da8   Section        0  stm32f4xx_hal_uart.o(.text.UART_SetConfig)
    [Anonymous Symbol]                       0x08001e98   Section        0  stm32f4xx_it.o(.text.UsageFault_Handler)
    [Anonymous Symbol]                       0x08001e9a   Section        0  arm_sin_f32.o(.text.arm_sin_f32)
    [Anonymous Symbol]                       0x08001f3c   Section        0  main.o(.text.main)
    $v0                                      0x08001fa4   Number         0  faddsub_clz.o(x$fpl$fadd)
    x$fpl$fadd                               0x08001fa4   Section       18  faddsub_clz.o(x$fpl$fadd)
    $v0                                      0x08001fb6   Number         0  fcmp.o(x$fpl$fcmp)
    x$fpl$fcmp                               0x08001fb6   Section       84  fcmp.o(x$fpl$fcmp)
    $v0                                      0x0800200a   Number         0  fcmpi.o(x$fpl$fcmpinf)
    x$fpl$fcmpinf                            0x0800200a   Section       24  fcmpi.o(x$fpl$fcmpinf)
    $v0                                      0x08002024   Number         0  feqf.o(x$fpl$feqf)
    x$fpl$feqf                               0x08002024   Section       48  feqf.o(x$fpl$feqf)
    $v0                                      0x08002054   Number         0  ffix.o(x$fpl$ffix)
    x$fpl$ffix                               0x08002054   Section       14  ffix.o(x$fpl$ffix)
    $v0                                      0x08002062   Number         0  ffixu.o(x$fpl$ffixu)
    x$fpl$ffixu                              0x08002062   Section       14  ffixu.o(x$fpl$ffixu)
    $v0                                      0x08002070   Number         0  fflt_clz.o(x$fpl$fflt)
    x$fpl$fflt                               0x08002070   Section       14  fflt_clz.o(x$fpl$fflt)
    $v0                                      0x0800207e   Number         0  fflt_clz.o(x$fpl$ffltu)
    x$fpl$ffltu                              0x0800207e   Section       14  fflt_clz.o(x$fpl$ffltu)
    $v0                                      0x0800208c   Number         0  fgeqf.o(x$fpl$fgeqf)
    x$fpl$fgeqf                              0x0800208c   Section       48  fgeqf.o(x$fpl$fgeqf)
    $v0                                      0x080020bc   Number         0  fleqf.o(x$fpl$fleqf)
    x$fpl$fleqf                              0x080020bc   Section       48  fleqf.o(x$fpl$fleqf)
    $v0                                      0x080020ec   Number         0  fmul.o(x$fpl$fmul)
    x$fpl$fmul                               0x080020ec   Section       18  fmul.o(x$fpl$fmul)
    $v0                                      0x080020fe   Number         0  fnaninf.o(x$fpl$fnaninf)
    x$fpl$fnaninf                            0x080020fe   Section      140  fnaninf.o(x$fpl$fnaninf)
    $v0                                      0x0800218a   Number         0  fpinit.o(x$fpl$fpinit)
    x$fpl$fpinit                             0x0800218a   Section       26  fpinit.o(x$fpl$fpinit)
    $v0                                      0x080021a4   Number         0  faddsub_clz.o(x$fpl$fsub)
    x$fpl$fsub                               0x080021a4   Section       18  faddsub_clz.o(x$fpl$fsub)
    x$fpl$usenofp                            0x080021b6   Section        0  usenofp.o(x$fpl$usenofp)
    DMA_CalcBaseAndBitshift.flagBitshiftOffset 0x080021ce   Data           8  stm32f4xx_hal_dma.o(.rodata.cst8)
    [Anonymous Symbol]                       0x080021ce   Section        0  stm32f4xx_hal_dma.o(.rodata.cst8)
    .L_MergedGlobals                         0x20000000   Data           8  stm32f4xx_hal.o(.data..L_MergedGlobals)
    [Anonymous Symbol]                       0x20000000   Section        0  stm32f4xx_hal.o(.data..L_MergedGlobals)
    .bss                                     0x20000010   Section       96  libspace.o(.bss)
    Heap_Mem                                 0x20000280   Data         512  startup_stm32f411xe.o(HEAP)
    HEAP                                     0x20000280   Section      512  startup_stm32f411xe.o(HEAP)
    Stack_Mem                                0x20000480   Data        1024  startup_stm32f411xe.o(STACK)
    STACK                                    0x20000480   Section     1024  startup_stm32f411xe.o(STACK)
    __initial_sp                             0x20000880   Data           0  startup_stm32f411xe.o(STACK)

    Global Symbols

    Symbol Name                              Value     Ov Type        Size  Object(Section)

    BuildAttributes$$THM_ISAv4$E$P$D$K$B$S$7EM$VFPi3$EXTD16$VFPS$VFMA$PE$A:L22UL41UL21$X:L11$S22US41US21$IEEE1$IW$~IW$USESV6$~STKCKD$USESV7$~SHL$OTIME$ROPI$IEEEJ$EBA8$UX$STANDARDLIB$REQ8$PRES8$EABIv2 0x00000000   Number         0  anon$$obj.o ABSOLUTE
    __ARM_exceptions_init                     - Undefined Weak Reference
    __alloca_initialize                       - Undefined Weak Reference
    __arm_preinit_                            - Undefined Weak Reference
    __arm_relocate_pie_                       - Undefined Weak Reference
    __cpp_initialize__aeabi_                  - Undefined Weak Reference
    __cxa_finalize                            - Undefined Weak Reference
    __rt_locale                               - Undefined Weak Reference
    __sigvec_lookup                           - Undefined Weak Reference
    __user_heap_extent                        - Undefined Weak Reference
    _atexit_init                              - Undefined Weak Reference
    _call_atexit_fns                          - Undefined Weak Reference
    _clock_init                               - Undefined Weak Reference
    _fp_trap_init                             - Undefined Weak Reference
    _fp_trap_shutdown                         - Undefined Weak Reference
    _get_lc_collate                           - Undefined Weak Reference
    _get_lc_ctype                             - Undefined Weak Reference
    _get_lc_monetary                          - Undefined Weak Reference
    _get_lc_numeric                           - Undefined Weak Reference
    _get_lc_time                              - Undefined Weak Reference
    _getenv_init                              - Undefined Weak Reference
    _handle_redirection                       - Undefined Weak Reference
    _initio                                   - Undefined Weak Reference
    _mutex_acquire                            - Undefined Weak Reference
    _mutex_free                               - Undefined Weak Reference
    _mutex_release                            - Undefined Weak Reference
    _rand_init                                - Undefined Weak Reference
    _signal_finish                            - Undefined Weak Reference
    _signal_init                              - Undefined Weak Reference
    _terminateio                              - Undefined Weak Reference
    __Vectors_Size                           0x00000198   Number         0  startup_stm32f411xe.o ABSOLUTE
    __Vectors                                0x08000000   Data           4  startup_stm32f411xe.o(RESET)
    __Vectors_End                            0x08000198   Data           0  startup_stm32f411xe.o(RESET)
    __main                                   0x08000199   Thumb Code     8  __main.o(!!!main)
    __scatterload                            0x080001a1   Thumb Code     0  __scatter.o(!!!scatter)
    __scatterload_rt2                        0x080001a1   Thumb Code    44  __scatter.o(!!!scatter)
    __scatterload_rt2_thumb_only             0x080001a1   Thumb Code     0  __scatter.o(!!!scatter)
    __scatterload_null                       0x080001af   Thumb Code     0  __scatter.o(!!!scatter)
    __scatterload_copy                       0x080001d5   Thumb Code    26  __scatter_copy.o(!!handler_copy)
    __scatterload_zeroinit                   0x080001f1   Thumb Code    28  __scatter_zi.o(!!handler_zi)
    __rt_lib_init                            0x0800020d   Thumb Code     0  libinit.o(.ARM.Collect$$libinit$$00000000)
    __rt_lib_init_fp_1                       0x0800020f   Thumb Code     0  libinit2.o(.ARM.Collect$$libinit$$00000001)
    __rt_lib_init_alloca_1                   0x08000213   Thumb Code     0  libinit2.o(.ARM.Collect$$libinit$$00000030)
    __rt_lib_init_argv_1                     0x08000213   Thumb Code     0  libinit2.o(.ARM.Collect$$libinit$$0000002E)
    __rt_lib_init_atexit_1                   0x08000213   Thumb Code     0  libinit2.o(.ARM.Collect$$libinit$$0000001D)
    __rt_lib_init_clock_1                    0x08000213   Thumb Code     0  libinit2.o(.ARM.Collect$$libinit$$00000023)
    __rt_lib_init_cpp_1                      0x08000213   Thumb Code     0  libinit2.o(.ARM.Collect$$libinit$$00000034)
    __rt_lib_init_exceptions_1               0x08000213   Thumb Code     0  libinit2.o(.ARM.Collect$$libinit$$00000032)
    __rt_lib_init_fp_trap_1                  0x08000213   Thumb Code     0  libinit2.o(.ARM.Collect$$libinit$$00000021)
    __rt_lib_init_getenv_1                   0x08000213   Thumb Code     0  libinit2.o(.ARM.Collect$$libinit$$00000025)
    __rt_lib_init_heap_1                     0x08000213   Thumb Code     0  libinit2.o(.ARM.Collect$$libinit$$0000000C)
    __rt_lib_init_lc_collate_1               0x08000213   Thumb Code     0  libinit2.o(.ARM.Collect$$libinit$$00000013)
    __rt_lib_init_lc_ctype_1                 0x08000213   Thumb Code     0  libinit2.o(.ARM.Collect$$libinit$$00000015)
    __rt_lib_init_lc_monetary_1              0x08000213   Thumb Code     0  libinit2.o(.ARM.Collect$$libinit$$00000017)
    __rt_lib_init_lc_numeric_1               0x08000213   Thumb Code     0  libinit2.o(.ARM.Collect$$libinit$$00000019)
    __rt_lib_init_lc_time_1                  0x08000213   Thumb Code     0  libinit2.o(.ARM.Collect$$libinit$$0000001B)
    __rt_lib_init_preinit_1                  0x08000213   Thumb Code     0  libinit2.o(.ARM.Collect$$libinit$$00000006)
    __rt_lib_init_rand_1                     0x08000213   Thumb Code     0  libinit2.o(.ARM.Collect$$libinit$$00000010)
    __rt_lib_init_relocate_pie_1             0x08000213   Thumb Code     0  libinit2.o(.ARM.Collect$$libinit$$00000004)
    __rt_lib_init_return                     0x08000213   Thumb Code     0  libinit2.o(.ARM.Collect$$libinit$$00000035)
    __rt_lib_init_signal_1                   0x08000213   Thumb Code     0  libinit2.o(.ARM.Collect$$libinit$$0000001F)
    __rt_lib_init_stdio_1                    0x08000213   Thumb Code     0  libinit2.o(.ARM.Collect$$libinit$$00000027)
    __rt_lib_init_user_alloc_1               0x08000213   Thumb Code     0  libinit2.o(.ARM.Collect$$libinit$$0000000E)
    __rt_lib_shutdown                        0x08000215   Thumb Code     0  libshutdown.o(.ARM.Collect$$libshutdown$$00000000)
    __rt_lib_shutdown_cpp_1                  0x08000217   Thumb Code     0  libshutdown2.o(.ARM.Collect$$libshutdown$$00000002)
    __rt_lib_shutdown_fp_trap_1              0x08000217   Thumb Code     0  libshutdown2.o(.ARM.Collect$$libshutdown$$00000007)
    __rt_lib_shutdown_heap_1                 0x08000217   Thumb Code     0  libshutdown2.o(.ARM.Collect$$libshutdown$$0000000F)
    __rt_lib_shutdown_return                 0x08000217   Thumb Code     0  libshutdown2.o(.ARM.Collect$$libshutdown$$00000010)
    __rt_lib_shutdown_signal_1               0x08000217   Thumb Code     0  libshutdown2.o(.ARM.Collect$$libshutdown$$0000000A)
    __rt_lib_shutdown_stdio_1                0x08000217   Thumb Code     0  libshutdown2.o(.ARM.Collect$$libshutdown$$00000004)
    __rt_lib_shutdown_user_alloc_1           0x08000217   Thumb Code     0  libshutdown2.o(.ARM.Collect$$libshutdown$$0000000C)
    __rt_entry                               0x08000219   Thumb Code     0  __rtentry.o(.ARM.Collect$$rtentry$$00000000)
    __rt_entry_presh_1                       0x08000219   Thumb Code     0  __rtentry2.o(.ARM.Collect$$rtentry$$00000002)
    __rt_entry_sh                            0x08000219   Thumb Code     0  __rtentry4.o(.ARM.Collect$$rtentry$$00000004)
    __rt_entry_li                            0x0800021f   Thumb Code     0  __rtentry2.o(.ARM.Collect$$rtentry$$0000000A)
    __rt_entry_postsh_1                      0x0800021f   Thumb Code     0  __rtentry2.o(.ARM.Collect$$rtentry$$00000009)
    __rt_entry_main                          0x08000223   Thumb Code     0  __rtentry2.o(.ARM.Collect$$rtentry$$0000000D)
    __rt_entry_postli_1                      0x08000223   Thumb Code     0  __rtentry2.o(.ARM.Collect$$rtentry$$0000000C)
    __rt_exit                                0x0800022b   Thumb Code     0  rtexit.o(.ARM.Collect$$rtexit$$00000000)
    __rt_exit_ls                             0x0800022d   Thumb Code     0  rtexit2.o(.ARM.Collect$$rtexit$$00000003)
    __rt_exit_prels_1                        0x0800022d   Thumb Code     0  rtexit2.o(.ARM.Collect$$rtexit$$00000002)
    __rt_exit_exit                           0x08000231   Thumb Code     0  rtexit2.o(.ARM.Collect$$rtexit$$00000004)
    Reset_Handler                            0x08000239   Thumb Code     8  startup_stm32f411xe.o(.text)
    ADC_IRQHandler                           0x08000253   Thumb Code     0  startup_stm32f411xe.o(.text)
    DMA1_Stream0_IRQHandler                  0x08000253   Thumb Code     0  startup_stm32f411xe.o(.text)
    DMA1_Stream1_IRQHandler                  0x08000253   Thumb Code     0  startup_stm32f411xe.o(.text)
    DMA1_Stream2_IRQHandler                  0x08000253   Thumb Code     0  startup_stm32f411xe.o(.text)
    DMA1_Stream3_IRQHandler                  0x08000253   Thumb Code     0  startup_stm32f411xe.o(.text)
    DMA1_Stream4_IRQHandler                  0x08000253   Thumb Code     0  startup_stm32f411xe.o(.text)
    DMA1_Stream5_IRQHandler                  0x08000253   Thumb Code     0  startup_stm32f411xe.o(.text)
    DMA1_Stream6_IRQHandler                  0x08000253   Thumb Code     0  startup_stm32f411xe.o(.text)
    DMA1_Stream7_IRQHandler                  0x08000253   Thumb Code     0  startup_stm32f411xe.o(.text)
    DMA2_Stream1_IRQHandler                  0x08000253   Thumb Code     0  startup_stm32f411xe.o(.text)
    DMA2_Stream2_IRQHandler                  0x08000253   Thumb Code     0  startup_stm32f411xe.o(.text)
    DMA2_Stream3_IRQHandler                  0x08000253   Thumb Code     0  startup_stm32f411xe.o(.text)
    DMA2_Stream4_IRQHandler                  0x08000253   Thumb Code     0  startup_stm32f411xe.o(.text)
    DMA2_Stream5_IRQHandler                  0x08000253   Thumb Code     0  startup_stm32f411xe.o(.text)
    DMA2_Stream6_IRQHandler                  0x08000253   Thumb Code     0  startup_stm32f411xe.o(.text)
    DMA2_Stream7_IRQHandler                  0x08000253   Thumb Code     0  startup_stm32f411xe.o(.text)
    EXTI0_IRQHandler                         0x08000253   Thumb Code     0  startup_stm32f411xe.o(.text)
    EXTI15_10_IRQHandler                     0x08000253   Thumb Code     0  startup_stm32f411xe.o(.text)
    EXTI1_IRQHandler                         0x08000253   Thumb Code     0  startup_stm32f411xe.o(.text)
    EXTI2_IRQHandler                         0x08000253   Thumb Code     0  startup_stm32f411xe.o(.text)
    EXTI3_IRQHandler                         0x08000253   Thumb Code     0  startup_stm32f411xe.o(.text)
    EXTI4_IRQHandler                         0x08000253   Thumb Code     0  startup_stm32f411xe.o(.text)
    EXTI9_5_IRQHandler                       0x08000253   Thumb Code     0  startup_stm32f411xe.o(.text)
    FLASH_IRQHandler                         0x08000253   Thumb Code     0  startup_stm32f411xe.o(.text)
    FPU_IRQHandler                           0x08000253   Thumb Code     0  startup_stm32f411xe.o(.text)
    I2C1_ER_IRQHandler                       0x08000253   Thumb Code     0  startup_stm32f411xe.o(.text)
    I2C1_EV_IRQHandler                       0x08000253   Thumb Code     0  startup_stm32f411xe.o(.text)
    I2C2_ER_IRQHandler                       0x08000253   Thumb Code     0  startup_stm32f411xe.o(.text)
    I2C2_EV_IRQHandler                       0x08000253   Thumb Code     0  startup_stm32f411xe.o(.text)
    I2C3_ER_IRQHandler                       0x08000253   Thumb Code     0  startup_stm32f411xe.o(.text)
    I2C3_EV_IRQHandler                       0x08000253   Thumb Code     0  startup_stm32f411xe.o(.text)
    OTG_FS_IRQHandler                        0x08000253   Thumb Code     0  startup_stm32f411xe.o(.text)
    OTG_FS_WKUP_IRQHandler                   0x08000253   Thumb Code     0  startup_stm32f411xe.o(.text)
    PVD_IRQHandler                           0x08000253   Thumb Code     0  startup_stm32f411xe.o(.text)
    RCC_IRQHandler                           0x08000253   Thumb Code     0  startup_stm32f411xe.o(.text)
    RTC_Alarm_IRQHandler                     0x08000253   Thumb Code     0  startup_stm32f411xe.o(.text)
    RTC_WKUP_IRQHandler                      0x08000253   Thumb Code     0  startup_stm32f411xe.o(.text)
    SDIO_IRQHandler                          0x08000253   Thumb Code     0  startup_stm32f411xe.o(.text)
    SPI1_IRQHandler                          0x08000253   Thumb Code     0  startup_stm32f411xe.o(.text)
    SPI2_IRQHandler                          0x08000253   Thumb Code     0  startup_stm32f411xe.o(.text)
    SPI3_IRQHandler                          0x08000253   Thumb Code     0  startup_stm32f411xe.o(.text)
    SPI4_IRQHandler                          0x08000253   Thumb Code     0  startup_stm32f411xe.o(.text)
    SPI5_IRQHandler                          0x08000253   Thumb Code     0  startup_stm32f411xe.o(.text)
    TAMP_STAMP_IRQHandler                    0x08000253   Thumb Code     0  startup_stm32f411xe.o(.text)
    TIM1_BRK_TIM9_IRQHandler                 0x08000253   Thumb Code     0  startup_stm32f411xe.o(.text)
    TIM1_CC_IRQHandler                       0x08000253   Thumb Code     0  startup_stm32f411xe.o(.text)
    TIM1_TRG_COM_TIM11_IRQHandler            0x08000253   Thumb Code     0  startup_stm32f411xe.o(.text)
    TIM1_UP_TIM10_IRQHandler                 0x08000253   Thumb Code     0  startup_stm32f411xe.o(.text)
    TIM2_IRQHandler                          0x08000253   Thumb Code     0  startup_stm32f411xe.o(.text)
    TIM3_IRQHandler                          0x08000253   Thumb Code     0  startup_stm32f411xe.o(.text)
    TIM4_IRQHandler                          0x08000253   Thumb Code     0  startup_stm32f411xe.o(.text)
    TIM5_IRQHandler                          0x08000253   Thumb Code     0  startup_stm32f411xe.o(.text)
    USART1_IRQHandler                        0x08000253   Thumb Code     0  startup_stm32f411xe.o(.text)
    USART2_IRQHandler                        0x08000253   Thumb Code     0  startup_stm32f411xe.o(.text)
    USART6_IRQHandler                        0x08000253   Thumb Code     0  startup_stm32f411xe.o(.text)
    WWDG_IRQHandler                          0x08000253   Thumb Code     0  startup_stm32f411xe.o(.text)
    __user_initial_stackheap                 0x08000255   Thumb Code     0  startup_stm32f411xe.o(.text)
    __aeabi_uldivmod                         0x08000279   Thumb Code     0  lludivv7m.o(.text)
    _ll_udiv                                 0x08000279   Thumb Code   240  lludivv7m.o(.text)
    __use_two_region_memory                  0x08000369   Thumb Code     2  heapauxi.o(.text)
    __rt_heap_escrow                         0x0800036b   Thumb Code     2  heapauxi.o(.text)
    __rt_heap_expand                         0x0800036d   Thumb Code     2  heapauxi.o(.text)
    __user_libspace                          0x08000371   Thumb Code     8  libspace.o(.text)
    __user_perproc_libspace                  0x08000371   Thumb Code     0  libspace.o(.text)
    __user_perthread_libspace                0x08000371   Thumb Code     0  libspace.o(.text)
    __I$use$semihosting                      0x08000379   Thumb Code     0  use_no_semi.o(.text)
    __use_no_semihosting_swi                 0x08000379   Thumb Code     2  use_no_semi.o(.text)
    __semihosting_library_function           0x0800037b   Thumb Code     0  indicate_semi.o(.text)
    __user_setup_stackheap                   0x0800037b   Thumb Code    74  sys_stackheap_outer.o(.text)
    exit                                     0x080003c5   Thumb Code    18  exit.o(.text)
    _sys_exit                                0x080003d9   Thumb Code     8  sys_exit.o(.text)
    BusFault_Handler                         0x080003e5   Thumb Code     2  stm32f4xx_it.o(.text.BusFault_Handler)
    DMA2_Stream0_IRQHandler                  0x080003e9   Thumb Code    12  stm32f4xx_it.o(.text.DMA2_Stream0_IRQHandler)
    DebugMon_Handler                         0x080003f5   Thumb Code     2  stm32f4xx_it.o(.text.DebugMon_Handler)
    Error_Handler                            0x080003f9   Thumb Code    10  main.o(.text.Error_Handler)
    HAL_DMA_IRQHandler                       0x08000405   Thumb Code   448  stm32f4xx_hal_dma.o(.text.HAL_DMA_IRQHandler)
    HAL_DMA_Init                             0x080005c5   Thumb Code   354  stm32f4xx_hal_dma.o(.text.HAL_DMA_Init)
    HAL_GPIO_Init                            0x08000729   Thumb Code   422  stm32f4xx_hal_gpio.o(.text.HAL_GPIO_Init)
    HAL_GetTick                              0x080008d1   Thumb Code    12  stm32f4xx_hal.o(.text.HAL_GetTick)
    HAL_I2SEx_FullDuplex_IRQHandler          0x080008dd   Thumb Code   630  stm32f4xx_hal_i2s_ex.o(.text.HAL_I2SEx_FullDuplex_IRQHandler)
    HAL_I2SEx_TxRxCpltCallback               0x08000b55   Thumb Code     2  stm32f4xx_hal_i2s_ex.o(.text.HAL_I2SEx_TxRxCpltCallback)
    HAL_I2S_ErrorCallback                    0x08000b59   Thumb Code     2  stm32f4xx_hal_i2s.o(.text.HAL_I2S_ErrorCallback)
    HAL_I2S_Init                             0x08000b5d   Thumb Code   366  stm32f4xx_hal_i2s.o(.text.HAL_I2S_Init)
    HAL_I2S_MspInit                          0x08000ccd   Thumb Code   784  i2s.o(.text.HAL_I2S_MspInit)
    HAL_I2S_RxCpltCallback                   0x08000fdd   Thumb Code     2  stm32f4xx_hal_i2s.o(.text.HAL_I2S_RxCpltCallback)
    HAL_I2S_TxCpltCallback                   0x08000fe1   Thumb Code     2  stm32f4xx_hal_i2s.o(.text.HAL_I2S_TxCpltCallback)
    HAL_IncTick                              0x08000fe5   Thumb Code    26  stm32f4xx_hal.o(.text.HAL_IncTick)
    HAL_Init                                 0x08001001   Thumb Code    54  stm32f4xx_hal.o(.text.HAL_Init)
    HAL_InitTick                             0x08001039   Thumb Code    72  stm32f4xx_hal.o(.text.HAL_InitTick)
    HAL_MspInit                              0x08001081   Thumb Code    56  stm32f4xx_hal_msp.o(.text.HAL_MspInit)
    HAL_NVIC_EnableIRQ                       0x080010b9   Thumb Code    38  stm32f4xx_hal_cortex.o(.text.HAL_NVIC_EnableIRQ)
    HAL_NVIC_SetPriority                     0x080010e1   Thumb Code    86  stm32f4xx_hal_cortex.o(.text.HAL_NVIC_SetPriority)
    HAL_NVIC_SetPriorityGrouping             0x08001139   Thumb Code    32  stm32f4xx_hal_cortex.o(.text.HAL_NVIC_SetPriorityGrouping)
    HAL_RCCEx_GetPeriphCLKFreq               0x08001159   Thumb Code    80  stm32f4xx_hal_rcc_ex.o(.text.HAL_RCCEx_GetPeriphCLKFreq)
    HAL_RCCEx_PeriphCLKConfig                0x080011a9   Thumb Code   354  stm32f4xx_hal_rcc_ex.o(.text.HAL_RCCEx_PeriphCLKConfig)
    HAL_RCC_ClockConfig                      0x0800130d   Thumb Code   352  stm32f4xx_hal_rcc.o(.text.HAL_RCC_ClockConfig)
    HAL_RCC_GetPCLK1Freq                     0x0800146d   Thumb Code    38  stm32f4xx_hal_rcc.o(.text.HAL_RCC_GetPCLK1Freq)
    HAL_RCC_GetPCLK2Freq                     0x08001495   Thumb Code    38  stm32f4xx_hal_rcc.o(.text.HAL_RCC_GetPCLK2Freq)
    HAL_RCC_GetSysClockFreq                  0x080014bd   Thumb Code   106  stm32f4xx_hal_rcc.o(.text.HAL_RCC_GetSysClockFreq)
    HAL_RCC_OscConfig                        0x08001529   Thumb Code   884  stm32f4xx_hal_rcc.o(.text.HAL_RCC_OscConfig)
    HAL_SYSTICK_Config                       0x0800189d   Thumb Code    44  stm32f4xx_hal_cortex.o(.text.HAL_SYSTICK_Config)
    HAL_UART_Init                            0x080018c9   Thumb Code    94  stm32f4xx_hal_uart.o(.text.HAL_UART_Init)
    HAL_UART_MspInit                         0x08001929   Thumb Code   164  usart.o(.text.HAL_UART_MspInit)
    HardFault_Handler                        0x080019cd   Thumb Code     2  stm32f4xx_it.o(.text.HardFault_Handler)
    MX_DMA_Init                              0x08001ad5   Thumb Code    56  dma.o(.text.MX_DMA_Init)
    MX_GPIO_Init                             0x08001b0d   Thumb Code    76  gpio.o(.text.MX_GPIO_Init)
    MX_I2S1_Init                             0x08001b59   Thumb Code    64  i2s.o(.text.MX_I2S1_Init)
    MX_I2S2_Init                             0x08001b99   Thumb Code    64  i2s.o(.text.MX_I2S2_Init)
    MX_I2S3_Init                             0x08001bd9   Thumb Code    64  i2s.o(.text.MX_I2S3_Init)
    MX_I2S4_Init                             0x08001c19   Thumb Code    62  i2s.o(.text.MX_I2S4_Init)
    MX_I2S5_Init                             0x08001c59   Thumb Code    62  i2s.o(.text.MX_I2S5_Init)
    MX_USART1_UART_Init                      0x08001c99   Thumb Code    60  usart.o(.text.MX_USART1_UART_Init)
    MemManage_Handler                        0x08001cd5   Thumb Code     2  stm32f4xx_it.o(.text.MemManage_Handler)
    NMI_Handler                              0x08001cd9   Thumb Code     2  stm32f4xx_it.o(.text.NMI_Handler)
    PendSV_Handler                           0x08001cdd   Thumb Code     2  stm32f4xx_it.o(.text.PendSV_Handler)
    SVC_Handler                              0x08001ce1   Thumb Code     2  stm32f4xx_it.o(.text.SVC_Handler)
    SysTick_Handler                          0x08001ce5   Thumb Code     4  stm32f4xx_it.o(.text.SysTick_Handler)
    SystemClock_Config                       0x08001ce9   Thumb Code   172  main.o(.text.SystemClock_Config)
    SystemInit                               0x08001d95   Thumb Code    18  system_stm32f4xx.o(.text.SystemInit)
    UsageFault_Handler                       0x08001e99   Thumb Code     2  stm32f4xx_it.o(.text.UsageFault_Handler)
    arm_sin_f32                              0x08001e9b   Thumb Code   160  arm_sin_f32.o(.text.arm_sin_f32)
    main                                     0x08001f3d   Thumb Code   104  main.o(.text.main)
    __aeabi_fadd                             0x08001fa5   Thumb Code     0  faddsub_clz.o(x$fpl$fadd)
    _fadd                                    0x08001fa5   Thumb Code    18  faddsub_clz.o(x$fpl$fadd)
    __aeabi_fcmpeq                           0x08001fb7   Thumb Code     0  fcmp.o(x$fpl$fcmp)
    _feq                                     0x08001fb7   Thumb Code    14  fcmp.o(x$fpl$fcmp)
    _fneq                                    0x08001fc5   Thumb Code    14  fcmp.o(x$fpl$fcmp)
    __aeabi_fcmpgt                           0x08001fd3   Thumb Code     0  fcmp.o(x$fpl$fcmp)
    _fgr                                     0x08001fd3   Thumb Code    14  fcmp.o(x$fpl$fcmp)
    __aeabi_fcmpge                           0x08001fe1   Thumb Code     0  fcmp.o(x$fpl$fcmp)
    _fgeq                                    0x08001fe1   Thumb Code    14  fcmp.o(x$fpl$fcmp)
    __aeabi_fcmple                           0x08001fef   Thumb Code     0  fcmp.o(x$fpl$fcmp)
    _fleq                                    0x08001fef   Thumb Code    14  fcmp.o(x$fpl$fcmp)
    __aeabi_fcmplt                           0x08001ffd   Thumb Code     0  fcmp.o(x$fpl$fcmp)
    _fls                                     0x08001ffd   Thumb Code    14  fcmp.o(x$fpl$fcmp)
    __fpl_fcmp_Inf                           0x0800200b   Thumb Code    24  fcmpi.o(x$fpl$fcmpinf)
    __aeabi_cfcmpeq                          0x08002025   Thumb Code     0  feqf.o(x$fpl$feqf)
    _fcmpeq                                  0x08002025   Thumb Code    48  feqf.o(x$fpl$feqf)
    __aeabi_f2iz                             0x08002055   Thumb Code     0  ffix.o(x$fpl$ffix)
    _ffix                                    0x08002055   Thumb Code    14  ffix.o(x$fpl$ffix)
    __aeabi_f2uiz                            0x08002063   Thumb Code     0  ffixu.o(x$fpl$ffixu)
    _ffixu                                   0x08002063   Thumb Code    14  ffixu.o(x$fpl$ffixu)
    __aeabi_i2f                              0x08002071   Thumb Code     0  fflt_clz.o(x$fpl$fflt)
    _fflt                                    0x08002071   Thumb Code    14  fflt_clz.o(x$fpl$fflt)
    __aeabi_ui2f                             0x0800207f   Thumb Code     0  fflt_clz.o(x$fpl$ffltu)
    _ffltu                                   0x0800207f   Thumb Code    14  fflt_clz.o(x$fpl$ffltu)
    _fcmpge                                  0x0800208d   Thumb Code    48  fgeqf.o(x$fpl$fgeqf)
    __aeabi_cfcmple                          0x080020bd   Thumb Code     0  fleqf.o(x$fpl$fleqf)
    _fcmple                                  0x080020bd   Thumb Code    48  fleqf.o(x$fpl$fleqf)
    __fpl_fcmple_InfNaN                      0x080020d5   Thumb Code     0  fleqf.o(x$fpl$fleqf)
    __aeabi_fmul                             0x080020ed   Thumb Code     0  fmul.o(x$fpl$fmul)
    _fmul                                    0x080020ed   Thumb Code    18  fmul.o(x$fpl$fmul)
    __fpl_fnaninf                            0x080020ff   Thumb Code   140  fnaninf.o(x$fpl$fnaninf)
    _fp_init                                 0x0800218b   Thumb Code    26  fpinit.o(x$fpl$fpinit)
    __fplib_config_fpu_vfp                   0x080021a3   Thumb Code     0  fpinit.o(x$fpl$fpinit)
    __fplib_config_pureend_doubles           0x080021a3   Thumb Code     0  fpinit.o(x$fpl$fpinit)
    __aeabi_fsub                             0x080021a5   Thumb Code     0  faddsub_clz.o(x$fpl$fsub)
    _fsub                                    0x080021a5   Thumb Code    18  faddsub_clz.o(x$fpl$fsub)
    AHBPrescTable                            0x080021b6   Data          16  system_stm32f4xx.o(.rodata.AHBPrescTable)
    __I$use$fp                               0x080021b6   Number         0  usenofp.o(x$fpl$usenofp)
    APBPrescTable                            0x080021c6   Data           8  system_stm32f4xx.o(.rodata.APBPrescTable)
    sinTable_f32                             0x080021d8   Data        2052  arm_common_tables.o(.rodata.sinTable_f32)
    Region$$Table$$Base                      0x080029dc   Number         0  anon$$obj.o(Region$$Table)
    Region$$Table$$Limit                     0x080029fc   Number         0  anon$$obj.o(Region$$Table)
    uwTickFreq                               0x20000000   Data           1  stm32f4xx_hal.o(.data..L_MergedGlobals)
    uwTickPrio                               0x20000004   Data           4  stm32f4xx_hal.o(.data..L_MergedGlobals)
    SystemCoreClock                          0x20000008   Data           4  system_stm32f4xx.o(.data.SystemCoreClock)
    __libspace_start                         0x20000010   Data          96  libspace.o(.bss)
    __temporary_stack_top$libspace           0x20000070   Data           0  libspace.o(.bss)
    hdma_spi1_rx                             0x20000070   Data          96  i2s.o(.bss.hdma_spi1_rx)
    hi2s1                                    0x200000d0   Data          72  i2s.o(.bss.hi2s1)
    hi2s2                                    0x20000118   Data          72  i2s.o(.bss.hi2s2)
    hi2s3                                    0x20000160   Data          72  i2s.o(.bss.hi2s3)
    hi2s4                                    0x200001a8   Data          72  i2s.o(.bss.hi2s4)
    hi2s5                                    0x200001f0   Data          72  i2s.o(.bss.hi2s5)
    huart1                                   0x20000238   Data          68  usart.o(.bss.huart1)
    uwTick                                   0x2000027c   Data           4  stm32f4xx_hal.o(.bss.uwTick)



==============================================================================

Memory Map of the image

  Image Entry point : 0x08000199

  Load Region LR_IROM1 (Base: 0x08000000, Size: 0x00002a10, Max: 0x00080000, ABSOLUTE)

    Execution Region ER_IROM1 (Exec base: 0x08000000, Load base: 0x08000000, Size: 0x000029fc, Max: 0x00080000, ABSOLUTE)

    Exec Addr    Load Addr    Size         Type   Attr      Idx    E Section Name        Object

    0x08000000   0x08000000   0x00000198   Data   RO            3    RESET               startup_stm32f411xe.o
    0x08000198   0x08000198   0x00000008   Code   RO         1080  * !!!main             c_w.l(__main.o)
    0x080001a0   0x080001a0   0x00000034   Code   RO         1347    !!!scatter          c_w.l(__scatter.o)
    0x080001d4   0x080001d4   0x0000001a   Code   RO         1349    !!handler_copy      c_w.l(__scatter_copy.o)
    0x080001ee   0x080001ee   0x00000002   PAD
    0x080001f0   0x080001f0   0x0000001c   Code   RO         1351    !!handler_zi        c_w.l(__scatter_zi.o)
    0x0800020c   0x0800020c   0x00000002   Code   RO         1282    .ARM.Collect$$libinit$$00000000  c_w.l(libinit.o)
    0x0800020e   0x0800020e   0x00000004   Code   RO         1148    .ARM.Collect$$libinit$$00000001  c_w.l(libinit2.o)
    0x08000212   0x08000212   0x00000000   Code   RO         1151    .ARM.Collect$$libinit$$00000004  c_w.l(libinit2.o)
    0x08000212   0x08000212   0x00000000   Code   RO         1153    .ARM.Collect$$libinit$$00000006  c_w.l(libinit2.o)
    0x08000212   0x08000212   0x00000000   Code   RO         1156    .ARM.Collect$$libinit$$0000000C  c_w.l(libinit2.o)
    0x08000212   0x08000212   0x00000000   Code   RO         1158    .ARM.Collect$$libinit$$0000000E  c_w.l(libinit2.o)
    0x08000212   0x08000212   0x00000000   Code   RO         1160    .ARM.Collect$$libinit$$00000010  c_w.l(libinit2.o)
    0x08000212   0x08000212   0x00000000   Code   RO         1163    .ARM.Collect$$libinit$$00000013  c_w.l(libinit2.o)
    0x08000212   0x08000212   0x00000000   Code   RO         1165    .ARM.Collect$$libinit$$00000015  c_w.l(libinit2.o)
    0x08000212   0x08000212   0x00000000   Code   RO         1167    .ARM.Collect$$libinit$$00000017  c_w.l(libinit2.o)
    0x08000212   0x08000212   0x00000000   Code   RO         1169    .ARM.Collect$$libinit$$00000019  c_w.l(libinit2.o)
    0x08000212   0x08000212   0x00000000   Code   RO         1171    .ARM.Collect$$libinit$$0000001B  c_w.l(libinit2.o)
    0x08000212   0x08000212   0x00000000   Code   RO         1173    .ARM.Collect$$libinit$$0000001D  c_w.l(libinit2.o)
    0x08000212   0x08000212   0x00000000   Code   RO         1175    .ARM.Collect$$libinit$$0000001F  c_w.l(libinit2.o)
    0x08000212   0x08000212   0x00000000   Code   RO         1177    .ARM.Collect$$libinit$$00000021  c_w.l(libinit2.o)
    0x08000212   0x08000212   0x00000000   Code   RO         1179    .ARM.Collect$$libinit$$00000023  c_w.l(libinit2.o)
    0x08000212   0x08000212   0x00000000   Code   RO         1181    .ARM.Collect$$libinit$$00000025  c_w.l(libinit2.o)
    0x08000212   0x08000212   0x00000000   Code   RO         1183    .ARM.Collect$$libinit$$00000027  c_w.l(libinit2.o)
    0x08000212   0x08000212   0x00000000   Code   RO         1187    .ARM.Collect$$libinit$$0000002E  c_w.l(libinit2.o)
    0x08000212   0x08000212   0x00000000   Code   RO         1189    .ARM.Collect$$libinit$$00000030  c_w.l(libinit2.o)
    0x08000212   0x08000212   0x00000000   Code   RO         1191    .ARM.Collect$$libinit$$00000032  c_w.l(libinit2.o)
    0x08000212   0x08000212   0x00000000   Code   RO         1193    .ARM.Collect$$libinit$$00000034  c_w.l(libinit2.o)
    0x08000212   0x08000212   0x00000002   Code   RO         1194    .ARM.Collect$$libinit$$00000035  c_w.l(libinit2.o)
    0x08000214   0x08000214   0x00000002   Code   RO         1344    .ARM.Collect$$libshutdown$$00000000  c_w.l(libshutdown.o)
    0x08000216   0x08000216   0x00000000   Code   RO         1300    .ARM.Collect$$libshutdown$$00000002  c_w.l(libshutdown2.o)
    0x08000216   0x08000216   0x00000000   Code   RO         1302    .ARM.Collect$$libshutdown$$00000004  c_w.l(libshutdown2.o)
    0x08000216   0x08000216   0x00000000   Code   RO         1305    .ARM.Collect$$libshutdown$$00000007  c_w.l(libshutdown2.o)
    0x08000216   0x08000216   0x00000000   Code   RO         1308    .ARM.Collect$$libshutdown$$0000000A  c_w.l(libshutdown2.o)
    0x08000216   0x08000216   0x00000000   Code   RO         1310    .ARM.Collect$$libshutdown$$0000000C  c_w.l(libshutdown2.o)
    0x08000216   0x08000216   0x00000000   Code   RO         1313    .ARM.Collect$$libshutdown$$0000000F  c_w.l(libshutdown2.o)
    0x08000216   0x08000216   0x00000002   Code   RO         1314    .ARM.Collect$$libshutdown$$00000010  c_w.l(libshutdown2.o)
    0x08000218   0x08000218   0x00000000   Code   RO         1116    .ARM.Collect$$rtentry$$00000000  c_w.l(__rtentry.o)
    0x08000218   0x08000218   0x00000000   Code   RO         1210    .ARM.Collect$$rtentry$$00000002  c_w.l(__rtentry2.o)
    0x08000218   0x08000218   0x00000006   Code   RO         1222    .ARM.Collect$$rtentry$$00000004  c_w.l(__rtentry4.o)
    0x0800021e   0x0800021e   0x00000000   Code   RO         1212    .ARM.Collect$$rtentry$$00000009  c_w.l(__rtentry2.o)
    0x0800021e   0x0800021e   0x00000004   Code   RO         1213    .ARM.Collect$$rtentry$$0000000A  c_w.l(__rtentry2.o)
    0x08000222   0x08000222   0x00000000   Code   RO         1215    .ARM.Collect$$rtentry$$0000000C  c_w.l(__rtentry2.o)
    0x08000222   0x08000222   0x00000008   Code   RO         1216    .ARM.Collect$$rtentry$$0000000D  c_w.l(__rtentry2.o)
    0x0800022a   0x0800022a   0x00000002   Code   RO         1287    .ARM.Collect$$rtexit$$00000000  c_w.l(rtexit.o)
    0x0800022c   0x0800022c   0x00000000   Code   RO         1320    .ARM.Collect$$rtexit$$00000002  c_w.l(rtexit2.o)
    0x0800022c   0x0800022c   0x00000004   Code   RO         1321    .ARM.Collect$$rtexit$$00000003  c_w.l(rtexit2.o)
    0x08000230   0x08000230   0x00000006   Code   RO         1322    .ARM.Collect$$rtexit$$00000004  c_w.l(rtexit2.o)
    0x08000236   0x08000236   0x00000002   PAD
    0x08000238   0x08000238   0x00000040   Code   RO            4    .text               startup_stm32f411xe.o
    0x08000278   0x08000278   0x000000f0   Code   RO         1074    .text               c_w.l(lludivv7m.o)
    0x08000368   0x08000368   0x00000006   Code   RO         1078    .text               c_w.l(heapauxi.o)
    0x0800036e   0x0800036e   0x00000002   PAD
    0x08000370   0x08000370   0x00000008   Code   RO         1206    .text               c_w.l(libspace.o)
    0x08000378   0x08000378   0x00000002   Code   RO         1254    .text               c_w.l(use_no_semi.o)
    0x0800037a   0x0800037a   0x00000000   Code   RO         1256    .text               c_w.l(indicate_semi.o)
    0x0800037a   0x0800037a   0x0000004a   Code   RO         1257    .text               c_w.l(sys_stackheap_outer.o)
    0x080003c4   0x080003c4   0x00000012   Code   RO         1263    .text               c_w.l(exit.o)
    0x080003d6   0x080003d6   0x00000002   PAD
    0x080003d8   0x080003d8   0x0000000c   Code   RO         1283    .text               c_w.l(sys_exit.o)
    0x080003e4   0x080003e4   0x00000002   Code   RO           93    .text.BusFault_Handler  stm32f4xx_it.o
    0x080003e6   0x080003e6   0x00000002   PAD
    0x080003e8   0x080003e8   0x0000000c   Code   RO          105    .text.DMA2_Stream0_IRQHandler  stm32f4xx_it.o
    0x080003f4   0x080003f4   0x00000002   Code   RO           99    .text.DebugMon_Handler  stm32f4xx_it.o
    0x080003f6   0x080003f6   0x00000002   PAD
    0x080003f8   0x080003f8   0x0000000a   Code   RO           17    .text.Error_Handler  main.o
    0x08000402   0x08000402   0x00000002   PAD
    0x08000404   0x08000404   0x000001c0   Code   RO          398    .text.HAL_DMA_IRQHandler  stm32f4xx_hal_dma.o
    0x080005c4   0x080005c4   0x00000162   Code   RO          384    .text.HAL_DMA_Init  stm32f4xx_hal_dma.o
    0x08000726   0x08000726   0x00000002   PAD
    0x08000728   0x08000728   0x000001a6   Code   RO          346    .text.HAL_GPIO_Init  stm32f4xx_hal_gpio.o
    0x080008ce   0x080008ce   0x00000002   PAD
    0x080008d0   0x080008d0   0x0000000c   Code   RO          545    .text.HAL_GetTick   stm32f4xx_hal.o
    0x080008dc   0x080008dc   0x00000276   Code   RO          198    .text.HAL_I2SEx_FullDuplex_IRQHandler  stm32f4xx_hal_i2s_ex.o
    0x08000b52   0x08000b52   0x00000002   PAD
    0x08000b54   0x08000b54   0x00000002   Code   RO          202    .text.HAL_I2SEx_TxRxCpltCallback  stm32f4xx_hal_i2s_ex.o
    0x08000b56   0x08000b56   0x00000002   PAD
    0x08000b58   0x08000b58   0x00000002   Code   RO          172    .text.HAL_I2S_ErrorCallback  stm32f4xx_hal_i2s.o
    0x08000b5a   0x08000b5a   0x00000002   PAD
    0x08000b5c   0x08000b5c   0x0000016e   Code   RO          122    .text.HAL_I2S_Init  stm32f4xx_hal_i2s.o
    0x08000cca   0x08000cca   0x00000002   PAD
    0x08000ccc   0x08000ccc   0x00000310   Code   RO           54    .text.HAL_I2S_MspInit  i2s.o
    0x08000fdc   0x08000fdc   0x00000002   Code   RO          170    .text.HAL_I2S_RxCpltCallback  stm32f4xx_hal_i2s.o
    0x08000fde   0x08000fde   0x00000002   PAD
    0x08000fe0   0x08000fe0   0x00000002   Code   RO          166    .text.HAL_I2S_TxCpltCallback  stm32f4xx_hal_i2s.o
    0x08000fe2   0x08000fe2   0x00000002   PAD
    0x08000fe4   0x08000fe4   0x0000001a   Code   RO          543    .text.HAL_IncTick   stm32f4xx_hal.o
    0x08000ffe   0x08000ffe   0x00000002   PAD
    0x08001000   0x08001000   0x00000036   Code   RO          533    .text.HAL_Init      stm32f4xx_hal.o
    0x08001036   0x08001036   0x00000002   PAD
    0x08001038   0x08001038   0x00000048   Code   RO          535    .text.HAL_InitTick  stm32f4xx_hal.o
    0x08001080   0x08001080   0x00000038   Code   RO          114    .text.HAL_MspInit   stm32f4xx_hal_msp.o
    0x080010b8   0x080010b8   0x00000026   Code   RO          491    .text.HAL_NVIC_EnableIRQ  stm32f4xx_hal_cortex.o
    0x080010de   0x080010de   0x00000002   PAD
    0x080010e0   0x080010e0   0x00000056   Code   RO          489    .text.HAL_NVIC_SetPriority  stm32f4xx_hal_cortex.o
    0x08001136   0x08001136   0x00000002   PAD
    0x08001138   0x08001138   0x00000020   Code   RO          487    .text.HAL_NVIC_SetPriorityGrouping  stm32f4xx_hal_cortex.o
    0x08001158   0x08001158   0x00000050   Code   RO          252    .text.HAL_RCCEx_GetPeriphCLKFreq  stm32f4xx_hal_rcc_ex.o
    0x080011a8   0x080011a8   0x00000162   Code   RO          248    .text.HAL_RCCEx_PeriphCLKConfig  stm32f4xx_hal_rcc_ex.o
    0x0800130a   0x0800130a   0x00000002   PAD
    0x0800130c   0x0800130c   0x00000160   Code   RO          216    .text.HAL_RCC_ClockConfig  stm32f4xx_hal_rcc.o
    0x0800146c   0x0800146c   0x00000026   Code   RO          228    .text.HAL_RCC_GetPCLK1Freq  stm32f4xx_hal_rcc.o
    0x08001492   0x08001492   0x00000002   PAD
    0x08001494   0x08001494   0x00000026   Code   RO          230    .text.HAL_RCC_GetPCLK2Freq  stm32f4xx_hal_rcc.o
    0x080014ba   0x080014ba   0x00000002   PAD
    0x080014bc   0x080014bc   0x0000006a   Code   RO          218    .text.HAL_RCC_GetSysClockFreq  stm32f4xx_hal_rcc.o
    0x08001526   0x08001526   0x00000002   PAD
    0x08001528   0x08001528   0x00000374   Code   RO          214    .text.HAL_RCC_OscConfig  stm32f4xx_hal_rcc.o
    0x0800189c   0x0800189c   0x0000002c   Code   RO          499    .text.HAL_SYSTICK_Config  stm32f4xx_hal_cortex.o
    0x080018c8   0x080018c8   0x0000005e   Code   RO          625    .text.HAL_UART_Init  stm32f4xx_hal_uart.o
    0x08001926   0x08001926   0x00000002   PAD
    0x08001928   0x08001928   0x000000a4   Code   RO           74    .text.HAL_UART_MspInit  usart.o
    0x080019cc   0x080019cc   0x00000002   Code   RO           89    .text.HardFault_Handler  stm32f4xx_it.o
    0x080019ce   0x080019ce   0x00000002   PAD
    0x080019d0   0x080019d0   0x00000104   Code   RO          124    .text.I2S_IRQHandler  stm32f4xx_hal_i2s.o
    0x08001ad4   0x08001ad4   0x00000038   Code   RO           35    .text.MX_DMA_Init   dma.o
    0x08001b0c   0x08001b0c   0x0000004c   Code   RO           27    .text.MX_GPIO_Init  gpio.o
    0x08001b58   0x08001b58   0x00000040   Code   RO           44    .text.MX_I2S1_Init  i2s.o
    0x08001b98   0x08001b98   0x00000040   Code   RO           46    .text.MX_I2S2_Init  i2s.o
    0x08001bd8   0x08001bd8   0x00000040   Code   RO           48    .text.MX_I2S3_Init  i2s.o
    0x08001c18   0x08001c18   0x0000003e   Code   RO           50    .text.MX_I2S4_Init  i2s.o
    0x08001c56   0x08001c56   0x00000002   PAD
    0x08001c58   0x08001c58   0x0000003e   Code   RO           52    .text.MX_I2S5_Init  i2s.o
    0x08001c96   0x08001c96   0x00000002   PAD
    0x08001c98   0x08001c98   0x0000003c   Code   RO           72    .text.MX_USART1_UART_Init  usart.o
    0x08001cd4   0x08001cd4   0x00000002   Code   RO           91    .text.MemManage_Handler  stm32f4xx_it.o
    0x08001cd6   0x08001cd6   0x00000002   PAD
    0x08001cd8   0x08001cd8   0x00000002   Code   RO           87    .text.NMI_Handler   stm32f4xx_it.o
    0x08001cda   0x08001cda   0x00000002   PAD
    0x08001cdc   0x08001cdc   0x00000002   Code   RO          101    .text.PendSV_Handler  stm32f4xx_it.o
    0x08001cde   0x08001cde   0x00000002   PAD
    0x08001ce0   0x08001ce0   0x00000002   Code   RO           97    .text.SVC_Handler   stm32f4xx_it.o
    0x08001ce2   0x08001ce2   0x00000002   PAD
    0x08001ce4   0x08001ce4   0x00000004   Code   RO          103    .text.SysTick_Handler  stm32f4xx_it.o
    0x08001ce8   0x08001ce8   0x000000ac   Code   RO           13    .text.SystemClock_Config  main.o
    0x08001d94   0x08001d94   0x00000012   Code   RO          745    .text.SystemInit    system_stm32f4xx.o
    0x08001da6   0x08001da6   0x00000002   PAD
    0x08001da8   0x08001da8   0x000000ee   Code   RO          629    .text.UART_SetConfig  stm32f4xx_hal_uart.o
    0x08001e96   0x08001e96   0x00000002   PAD
    0x08001e98   0x08001e98   0x00000002   Code   RO           95    .text.UsageFault_Handler  stm32f4xx_it.o
    0x08001e9a   0x08001e9a   0x000000a0   Code   RO          779    .text.arm_sin_f32   arm_cortexM4l_math.lib(arm_sin_f32.o)
    0x08001f3a   0x08001f3a   0x00000002   PAD
    0x08001f3c   0x08001f3c   0x00000068   Code   RO           11    .text.main          main.o
    0x08001fa4   0x08001fa4   0x00000012   Code   RO         1082    x$fpl$fadd          fz_wm.l(faddsub_clz.o)
    0x08001fb6   0x08001fb6   0x00000054   Code   RO         1088    x$fpl$fcmp          fz_wm.l(fcmp.o)
    0x0800200a   0x0800200a   0x00000018   Code   RO         1248    x$fpl$fcmpinf       fz_wm.l(fcmpi.o)
    0x08002022   0x08002022   0x00000002   PAD
    0x08002024   0x08002024   0x00000030   Code   RO         1195    x$fpl$feqf          fz_wm.l(feqf.o)
    0x08002054   0x08002054   0x0000000e   Code   RO         1094    x$fpl$ffix          fz_wm.l(ffix.o)
    0x08002062   0x08002062   0x0000000e   Code   RO         1098    x$fpl$ffixu         fz_wm.l(ffixu.o)
    0x08002070   0x08002070   0x0000000e   Code   RO         1103    x$fpl$fflt          fz_wm.l(fflt_clz.o)
    0x0800207e   0x0800207e   0x0000000e   Code   RO         1102    x$fpl$ffltu         fz_wm.l(fflt_clz.o)
    0x0800208c   0x0800208c   0x00000030   Code   RO         1197    x$fpl$fgeqf         fz_wm.l(fgeqf.o)
    0x080020bc   0x080020bc   0x00000030   Code   RO         1199    x$fpl$fleqf         fz_wm.l(fleqf.o)
    0x080020ec   0x080020ec   0x00000012   Code   RO         1106    x$fpl$fmul          fz_wm.l(fmul.o)
    0x080020fe   0x080020fe   0x0000008c   Code   RO         1250    x$fpl$fnaninf       fz_wm.l(fnaninf.o)
    0x0800218a   0x0800218a   0x0000001a   Code   RO         1252    x$fpl$fpinit        fz_wm.l(fpinit.o)
    0x080021a4   0x080021a4   0x00000012   Code   RO         1083    x$fpl$fsub          fz_wm.l(faddsub_clz.o)
    0x080021b6   0x080021b6   0x00000000   Code   RO         1201    x$fpl$usenofp       fz_wm.l(usenofp.o)
    0x080021b6   0x080021b6   0x00000010   Data   RO          750    .rodata.AHBPrescTable  system_stm32f4xx.o
    0x080021c6   0x080021c6   0x00000008   Data   RO          751    .rodata.APBPrescTable  system_stm32f4xx.o
    0x080021ce   0x080021ce   0x00000008   Data   RO          408    .rodata.cst8        stm32f4xx_hal_dma.o
    0x080021d6   0x080021d6   0x00000002   PAD
    0x080021d8   0x080021d8   0x00000804   Data   RO         1002    .rodata.sinTable_f32  arm_cortexM4l_math.lib(arm_common_tables.o)
    0x080029dc   0x080029dc   0x00000020   Data   RO         1346    Region$$Table       anon$$obj.o


    Execution Region RW_IRAM1 (Exec base: 0x20000000, Load base: 0x08002a00, Size: 0x00000880, Max: 0x00020000, ABSOLUTE)

    Exec Addr    Load Addr    Size         Type   Attr      Idx    E Section Name        Object

    0x20000000   0x08002a00   0x00000008   Data   RW          588    .data..L_MergedGlobals  stm32f4xx_hal.o
    0x20000008   0x08002a08   0x00000004   Data   RW          749    .data.SystemCoreClock  system_stm32f4xx.o
    0x2000000c   0x08002a0c   0x00000004   PAD
    0x20000010        -       0x00000060   Zero   RW         1207    .bss                c_w.l(libspace.o)
    0x20000070        -       0x00000060   Zero   RW           63    .bss.hdma_spi1_rx   i2s.o
    0x200000d0        -       0x00000048   Zero   RW           58    .bss.hi2s1          i2s.o
    0x20000118        -       0x00000048   Zero   RW           59    .bss.hi2s2          i2s.o
    0x20000160        -       0x00000048   Zero   RW           60    .bss.hi2s3          i2s.o
    0x200001a8        -       0x00000048   Zero   RW           61    .bss.hi2s4          i2s.o
    0x200001f0        -       0x00000048   Zero   RW           62    .bss.hi2s5          i2s.o
    0x20000238        -       0x00000044   Zero   RW           78    .bss.huart1         usart.o
    0x2000027c        -       0x00000004   Zero   RW          587    .bss.uwTick         stm32f4xx_hal.o
    0x20000280        -       0x00000200   Zero   RW            2    HEAP                startup_stm32f411xe.o
    0x20000480        -       0x00000400   Zero   RW            1    STACK               startup_stm32f411xe.o


==============================================================================

Image component sizes


      Code (inc. data)   RO Data    RW Data    ZI Data      Debug   Object Name

        56          0          0          0          0       3027   dma.o
        76          0          0          0          0       1515   gpio.o
      1100          0          0          0        456       6750   i2s.o
       286          4          0          0          0       3423   main.o
        64         26        408          0       1536        848   startup_stm32f411xe.o
       164          0          0          8          4       6873   stm32f4xx_hal.o
       200          0          0          0          0      10032   stm32f4xx_hal_cortex.o
       802          6          8          0          0      10554   stm32f4xx_hal_dma.o
       422          0          0          0          0       5308   stm32f4xx_hal_gpio.o
       632          0          0          0          0      14419   stm32f4xx_hal_i2s.o
       632          0          0          0          0      10104   stm32f4xx_hal_i2s_ex.o
        56          0          0          0          0       1514   stm32f4xx_hal_msp.o
      1418          0          0          0          0       7414   stm32f4xx_hal_rcc.o
       434          0          0          0          0       4704   stm32f4xx_hal_rcc_ex.o
       332          0          0          0          0      31712   stm32f4xx_hal_uart.o
        32          0          0          0          0       2819   stm32f4xx_it.o
        18          0         24          4          0       2706   system_stm32f4xx.o
       224          0          0          0         68       5121   usart.o

    ----------------------------------------------------------------------
      7006         36        474         12       2068     128843   Object Totals
         0          0         32          0          0          0   (incl. Generated)
        58          0          2          0          4          0   (incl. Padding)

    ----------------------------------------------------------------------

      Code (inc. data)   RO Data    RW Data    ZI Data      Debug   Library Member Name

         0          0       2052          0          0       4961   arm_common_tables.o
       160          0          0          0          0        952   arm_sin_f32.o
         8          0          0          0          0         68   __main.o
         0          0          0          0          0          0   __rtentry.o
        12          0          0          0          0          0   __rtentry2.o
         6          0          0          0          0          0   __rtentry4.o
        52          8          0          0          0          0   __scatter.o
        26          0          0          0          0          0   __scatter_copy.o
        28          0          0          0          0          0   __scatter_zi.o
        18          0          0          0          0         80   exit.o
         6          0          0          0          0        152   heapauxi.o
         0          0          0          0          0          0   indicate_semi.o
         2          0          0          0          0          0   libinit.o
         6          0          0          0          0          0   libinit2.o
         2          0          0          0          0          0   libshutdown.o
         2          0          0          0          0          0   libshutdown2.o
         8          4          0          0         96         68   libspace.o
       240          0          0          0          0        100   lludivv7m.o
         2          0          0          0          0          0   rtexit.o
        10          0          0          0          0          0   rtexit2.o
        12          4          0          0          0         68   sys_exit.o
        74          0          0          0          0         80   sys_stackheap_outer.o
         2          0          0          0          0         68   use_no_semi.o
        36          0          0          0          0        232   faddsub_clz.o
        84          0          0          0          0        244   fcmp.o
        24          0          0          0          0        116   fcmpi.o
        48          4          0          0          0        132   feqf.o
        14          0          0          0          0        116   ffix.o
        14          0          0          0          0        116   ffixu.o
        28          0          0          0          0        232   fflt_clz.o
        48          4          0          0          0        132   fgeqf.o
        48          4          0          0          0        132   fleqf.o
        18          0          0          0          0        116   fmul.o
       140          4          0          0          0        132   fnaninf.o
        26          0          0          0          0        116   fpinit.o
         0          0          0          0          0          0   usenofp.o

    ----------------------------------------------------------------------
      1216         32       2052          0         96       8413   Library Totals
        12          0          0          0          0          0   (incl. Padding)

    ----------------------------------------------------------------------

      Code (inc. data)   RO Data    RW Data    ZI Data      Debug   Library Name

       160          0       2052          0          0       5913   arm_cortexM4l_math.lib
       516         16          0          0         96        684   c_w.l
       528         16          0          0          0       1816   fz_wm.l

    ----------------------------------------------------------------------
      1216         32       2052          0         96       8413   Library Totals

    ----------------------------------------------------------------------

==============================================================================


      Code (inc. data)   RO Data    RW Data    ZI Data      Debug   

      8222         68       2526         12       2164     135428   Grand Totals
      8222         68       2526         12       2164     135428   ELF Image Totals
      8222         68       2526         12          0          0   ROM Totals

==============================================================================

    Total RO  Size (Code + RO Data)                10748 (  10.50kB)
    Total RW  Size (RW Data + ZI Data)              2176 (   2.12kB)
    Total ROM Size (Code + RO Data + RW Data)      10760 (  10.51kB)

==============================================================================

